Component: ARM Compiler 5.06 update 6 (build 750) Tool: armlink [4d35ed]

==============================================================================

Section Cross References

    main.o(i.GPIOB_Handler) refers to tasks_1.o(i.vTaskDelay) for vTaskDelay
    main.o(i.GPIOB_Handler) refers to main.o(.data) for PD
    main.o(i.GPIOF_Interrupt) refers to hal_gpio.o(i.GPIO_DisarmInterrupt) for GPIO_DisarmInterrupt
    main.o(i.GPIOF_Interrupt) refers to tasks_1.o(i.vTaskSuspend) for vTaskSuspend
    main.o(i.GPIOF_Interrupt) refers to tasks_1.o(i.vTaskDelay) for vTaskDelay
    main.o(i.GPIOF_Interrupt) refers to tasks_1.o(i.vTaskResume) for vTaskResume
    main.o(i.GPIOF_Interrupt) refers to hal_gpio.o(i.GPIO_RearmInterrupt) for GPIO_RearmInterrupt
    main.o(i.GPIOF_Interrupt) refers to main.o(.constdata) for .constdata
    main.o(i.GPIOF_Interrupt) refers to main.o(.data) for xTask1Handle
    main.o(i.GPIO_PortE_Handler) refers to tasks_1.o(i.vTaskPrioritySet) for vTaskPrioritySet
    main.o(i.GPIO_PortE_Handler) refers to main.o(.data) for xTask3Handle
    main.o(i.main) refers to main.o(i.PortF_Init) for PortF_Init
    main.o(i.main) refers to main.o(i.PortB_Init) for PortB_Init
    main.o(i.main) refers to main.o(i.PortE_Init) for PortE_Init
    main.o(i.main) refers to main.o(i.PWM_Init) for PWM_Init
    main.o(i.main) refers to main.o(i.interupt_init) for interupt_init
    main.o(i.main) refers to tasks.o(i.interupt_init) for interupt_init
    main.o(i.main) refers to tasks_1.o(i.xTaskCreate) for xTaskCreate
    main.o(i.main) refers to hal_pll.o(i.PLL_GetBusClockFreq) for PLL_GetBusClockFreq
    main.o(i.main) refers to hal_gpio.o(i.GPIO_EnableDI) for GPIO_EnableDI
    main.o(i.main) refers to hal_gpio.o(i.GPIO_EnableInterrupt) for GPIO_EnableInterrupt
    main.o(i.main) refers to tasks_1.o(i.vTaskStartScheduler) for vTaskStartScheduler
    main.o(i.main) refers to main.o(.data) for PD
    main.o(i.main) refers to main.o(i.vTask1) for vTask1
    main.o(i.main) refers to main.o(i.vTask2) for vTask2
    main.o(i.main) refers to main.o(i.vTask3) for vTask3
    main.o(i.main) refers to main.o(i.vTask4) for vTask4
    main.o(i.main) refers to system_tm4c123.o(.data) for SystemCoreClock
    main.o(i.main) refers to main.o(.constdata) for .constdata
    main.o(i.main) refers to main.o(i.GPIOF_Interrupt) for GPIOF_Interrupt
    main.o(i.main) refers to tasks.o(i.GPIOF_Interrupt) for GPIOF_Interrupt
    main.o(i.vTask1) refers to tasks_1.o(i.xTaskGetTickCount) for xTaskGetTickCount
    main.o(i.vTask1) refers to tasks_1.o(i.vTaskDelayUntil) for vTaskDelayUntil
    main.o(i.vTask1) refers to tasks_1.o(i.vTaskPrioritySet) for vTaskPrioritySet
    main.o(i.vTask1) refers to main.o(.data) for xLastWakeTime1
    main.o(i.vTask2) refers to tasks_1.o(i.xTaskGetTickCount) for xTaskGetTickCount
    main.o(i.vTask2) refers to tasks_1.o(i.vTaskDelayUntil) for vTaskDelayUntil
    main.o(i.vTask2) refers to tasks_1.o(i.vTaskPrioritySet) for vTaskPrioritySet
    main.o(i.vTask2) refers to main.o(.data) for xLastWakeTime2
    main.o(i.vTask3) refers to tasks_1.o(i.vTaskPrioritySet) for vTaskPrioritySet
    tasks.o(i.GPIOB_Handler) refers to tasks_1.o(i.vTaskDelay) for vTaskDelay
    tasks.o(i.GPIOB_Handler) refers to tasks.o(.data) for PD
    tasks.o(i.GPIOF_Interrupt) refers to hal_gpio.o(i.GPIO_DisarmInterrupt) for GPIO_DisarmInterrupt
    tasks.o(i.GPIOF_Interrupt) refers to tasks_1.o(i.vTaskSuspend) for vTaskSuspend
    tasks.o(i.GPIOF_Interrupt) refers to tasks_1.o(i.vTaskDelay) for vTaskDelay
    tasks.o(i.GPIOF_Interrupt) refers to tasks_1.o(i.vTaskResume) for vTaskResume
    tasks.o(i.GPIOF_Interrupt) refers to hal_gpio.o(i.GPIO_RearmInterrupt) for GPIO_RearmInterrupt
    tasks.o(i.GPIOF_Interrupt) refers to tasks.o(.constdata) for .constdata
    tasks.o(i.GPIOF_Interrupt) refers to tasks.o(.data) for xTask1Handle
    tasks.o(i.GPIO_PortE_Handler) refers to tasks_1.o(i.vTaskPrioritySet) for vTaskPrioritySet
    tasks.o(i.GPIO_PortE_Handler) refers to tasks.o(.data) for xTask3Handle
    tasks.o(i.vTask1) refers to tasks_1.o(i.xTaskGetTickCount) for xTaskGetTickCount
    tasks.o(i.vTask1) refers to tasks_1.o(i.vTaskDelayUntil) for vTaskDelayUntil
    tasks.o(i.vTask1) refers to tasks_1.o(i.vTaskPrioritySet) for vTaskPrioritySet
    tasks.o(i.vTask1) refers to tasks.o(.data) for xLastWakeTime1
    tasks.o(i.vTask2) refers to tasks_1.o(i.xTaskGetTickCount) for xTaskGetTickCount
    tasks.o(i.vTask2) refers to tasks_1.o(i.vTaskDelayUntil) for vTaskDelayUntil
    tasks.o(i.vTask2) refers to tasks_1.o(i.vTaskPrioritySet) for vTaskPrioritySet
    tasks.o(i.vTask2) refers to tasks.o(.data) for xLastWakeTime2
    tasks.o(i.vTask3) refers to tasks_1.o(i.vTaskPrioritySet) for vTaskPrioritySet
    init.o(i.GPIOB_Handler) refers to tasks_1.o(i.vTaskDelay) for vTaskDelay
    init.o(i.GPIOB_Handler) refers to init.o(.data) for PD
    init.o(i.GPIO_PortE_Handler) refers to tasks_1.o(i.vTaskPrioritySet) for vTaskPrioritySet
    init.o(i.GPIO_PortE_Handler) refers to init.o(.data) for xTask3Handle
    hal_adc.o(i.ADC_Enable) refers to hal_gpio.o(i.GPIO_EnableAltAnalog) for GPIO_EnableAltAnalog
    hal_adc.o(i.ADC_Enable) refers to abort.o(.text) for abort
    hal_adc.o(i.ADC_Enable) refers to hal_adc.o(.data) for ADCBaseAddress
    hal_adc.o(i.ADC_Sample) refers to hal_adc.o(.data) for ADCBaseAddress
    hal_flash.o(i.Flash_Enable) refers to hal_flash.o(.data) for flashKey_
    hal_flash.o(i.Flash_Erase) refers to hal_flash.o(.data) for flashKey_
    hal_flash.o(i.Flash_Write) refers to hal_flash.o(i.Flash_Erase) for Flash_Erase
    hal_flash.o(i.Flash_Write) refers to hal_flash.o(.data) for flashKey_
    hal_gpio.o(i.GPIO_DisarmInterrupt) refers to hal_gpio.o(.data) for GPIOBaseAddress
    hal_gpio.o(i.GPIO_EnableAltAnalog) refers to hal_gpio.o(i.GPIO_InitPort) for GPIO_InitPort
    hal_gpio.o(i.GPIO_EnableAltAnalog) refers to hal_gpio.o(.data) for GPIOBaseAddress
    hal_gpio.o(i.GPIO_EnableAltDigital) refers to hal_gpio.o(i.GPIO_InitPort) for GPIO_InitPort
    hal_gpio.o(i.GPIO_EnableAltDigital) refers to hal_gpio.o(.data) for GPIOBaseAddress
    hal_gpio.o(i.GPIO_EnableDI) refers to hal_gpio.o(i.GPIO_InitPort) for GPIO_InitPort
    hal_gpio.o(i.GPIO_EnableDI) refers to hal_gpio.o(.data) for GPIOBaseAddress
    hal_gpio.o(i.GPIO_EnableDO) refers to hal_gpio.o(i.GPIO_InitPort) for GPIO_InitPort
    hal_gpio.o(i.GPIO_EnableDO) refers to hal_gpio.o(.data) for GPIOBaseAddress
    hal_gpio.o(i.GPIO_EnableInterrupt) refers to hal_nvic.o(i.NVIC_EnableIRQ) for NVIC_EnableIRQ
    hal_gpio.o(i.GPIO_EnableInterrupt) refers to hal_gpio.o(.data) for GPIOBaseAddress
    hal_gpio.o(i.GPIO_GetBitBandIOAddress) refers to hal_gpio.o(i.GetPinNumber) for GetPinNumber
    hal_gpio.o(i.GPIO_GetBitBandIOAddress) refers to hal_gpio.o(.data) for GPIOBaseAddress
    hal_gpio.o(i.GPIO_PortFHandler) refers to hal_gpio.o(i.HandleInterrupt) for HandleInterrupt
    hal_gpio.o(i.GPIO_PortFHandler) refers to hal_gpio.o(.data) for GPIOBaseAddress
    hal_gpio.o(i.GPIO_RearmInterrupt) refers to hal_gpio.o(.data) for GPIOBaseAddress
    hal_nvic.o(i.NVIC_EnableIRQ) refers to hal_nvic.o(i.SetPriority) for SetPriority
    hal_pll.o(i.PLL_GetBusClockFreq) refers to hal_pll.o(.data) for busClockFreq_
    hal_pll.o(i.PLL_Init80MHz) refers to hal_pll.o(.data) for busClockFreq_
    hal_pwm.o(i.PWM_Configure) refers to hal_gpio.o(i.GPIO_EnableAltDigital) for GPIO_EnableAltDigital
    hal_pwm.o(i.PWM_Configure) refers to abort.o(.text) for abort
    hal_pwm.o(i.PWM_Configure) refers to hal_pwm.o(.data) for PWMBaseAddress
    hal_pwm.o(i.PWM_Disable) refers to hal_pwm.o(.data) for PWMBaseAddress
    hal_pwm.o(i.PWM_Enable) refers to hal_pwm.o(.data) for PWMBaseAddress
    hal_pwm.o(i.PWM_SetDuty) refers to abort.o(.text) for abort
    hal_pwm.o(i.PWM_SetDuty) refers to hal_pwm.o(.data) for PWMBaseAddress
    hal_spi.o(i.SPI_Enable) refers to hal_pll.o(i.PLL_GetBusClockFreq) for PLL_GetBusClockFreq
    hal_spi.o(i.SPI_Enable) refers to hal_gpio.o(i.GPIO_EnableAltDigital) for GPIO_EnableAltDigital
    hal_spi.o(i.SPI_Enable) refers to hal_spi.o(.data) for SSIBaseAddress
    hal_spi.o(i.SPI_Write) refers to hal_spi.o(.data) for SSIBaseAddress
    hal_systick.o(i.SysTick_Init) refers to hal_pll.o(i.PLL_GetBusClockFreq) for PLL_GetBusClockFreq
    hal_systick.o(i.SysTick_Init) refers to dflt_clz.o(x$fpl$dfltu) for __aeabi_ui2d
    hal_systick.o(i.SysTick_Init) refers to dmul.o(x$fpl$dmul) for __aeabi_dmul
    hal_systick.o(i.SysTick_Init) refers to dfixu.o(x$fpl$dfixu) for __aeabi_d2uiz
    hal_systick.o(i.SysTick_Init) refers to hal_systick.o(.data) for NumTicksPer10ms
    hal_systick.o(i.SysTick_Wait10ms) refers to hal_systick.o(i.SysTick_Wait) for SysTick_Wait
    hal_systick.o(i.SysTick_Wait10ms) refers to hal_systick.o(.data) for NumTicksPer10ms
    hal_systick.o(i.SysTick_Wait10us) refers to hal_systick.o(i.SysTick_Wait) for SysTick_Wait
    hal_systick.o(i.SysTick_Wait10us) refers to hal_systick.o(.data) for NumTicksPer10us
    hal_timer.o(i.Timer_EnableInputCounter) refers to hal_gpio.o(i.GPIO_EnableAltDigital) for GPIO_EnableAltDigital
    hal_timer.o(i.Timer_EnableInputCounter) refers to abort.o(.text) for abort
    hal_timer.o(i.Timer_EnableTimerPeriodic) refers to hal_nvic.o(i.NVIC_EnableIRQ) for NVIC_EnableIRQ
    hal_timer.o(i.Timer_EnableTimerPeriodic) refers to abort.o(.text) for abort
    hal_timer.o(i.Timer_EnableTimerPeriodic) refers to hal_timer.o(.data) for TimerBaseAddress
    hal_timer.o(i.Timer_ReadCounterValue) refers to hal_timer.o(.data) for TimerBaseAddress
    hal_timer.o(i.Timer_ResetInputCounter) refers to hal_timer.o(.data) for TimerBaseAddress
    hal_timer.o(i.Timer_Timer0Handler) refers to hal_timer.o(i.TimerHandler) for TimerHandler
    hal_timer.o(i.Timer_Timer0Handler) refers to hal_timer.o(.data) for TimerBaseAddress
    hal_timer.o(i.Timer_Timer1Handler) refers to hal_timer.o(i.TimerHandler) for TimerHandler
    hal_timer.o(i.Timer_Timer1Handler) refers to hal_timer.o(.data) for TimerBaseAddress
    hal_timer.o(i.Timer_Timer2Handler) refers to hal_timer.o(i.TimerHandler) for TimerHandler
    hal_timer.o(i.Timer_Timer2Handler) refers to hal_timer.o(.data) for TimerBaseAddress
    hal_uart.o(i.UART5Handler) refers to hal_uart.o(.data) for UARTBaseAddress
    hal_uart.o(i.UART_Enable) refers to hal_pll.o(i.PLL_GetBusClockFreq) for PLL_GetBusClockFreq
    hal_uart.o(i.UART_Enable) refers to hal_gpio.o(i.GPIO_InitPort) for GPIO_InitPort
    hal_uart.o(i.UART_Enable) refers to dflt_clz.o(x$fpl$dfltu) for __aeabi_ui2d
    hal_uart.o(i.UART_Enable) refers to daddsub_clz.o(x$fpl$dadd) for __aeabi_dadd
    hal_uart.o(i.UART_Enable) refers to dfixu.o(x$fpl$dfixu) for __aeabi_d2uiz
    hal_uart.o(i.UART_Enable) refers to hal_gpio.o(i.GPIO_EnableAltDigital) for GPIO_EnableAltDigital
    hal_uart.o(i.UART_Enable) refers to hal_uart.o(.data) for UARTBaseAddress
    hal_uart.o(i.UART_EnableRxInterrupt) refers to hal_uart.o(.data) for UARTBaseAddress
    hal_uart.o(i.UART_ReadChar) refers to hal_uart.o(.data) for UARTBaseAddress
    hal_uart.o(i.UART_WriteChar) refers to hal_uart.o(.data) for UARTBaseAddress
    hal_uart.o(i.UART_WriteString) refers to hal_uart.o(i.UART_WriteChar) for UART_WriteChar
    startup_tm4c123.o(STACK) refers (Special) to heapauxi.o(.text) for __use_two_region_memory
    startup_tm4c123.o(HEAP) refers (Special) to heapauxi.o(.text) for __use_two_region_memory
    startup_tm4c123.o(RESET) refers (Special) to heapauxi.o(.text) for __use_two_region_memory
    startup_tm4c123.o(RESET) refers to startup_tm4c123.o(STACK) for __initial_sp
    startup_tm4c123.o(RESET) refers to startup_tm4c123.o(.text) for Reset_Handler
    startup_tm4c123.o(RESET) refers to port.o(.emb_text) for SVC_Handler
    startup_tm4c123.o(RESET) refers to port.o(i.SysTick_Handler) for SysTick_Handler
    startup_tm4c123.o(.text) refers (Special) to heapauxi.o(.text) for __use_two_region_memory
    startup_tm4c123.o(.text) refers to system_tm4c123.o(i.SystemInit) for SystemInit
    startup_tm4c123.o(.text) refers to __main.o(!!!main) for __main
    startup_tm4c123.o(.text) refers to startup_tm4c123.o(HEAP) for Heap_Mem
    startup_tm4c123.o(.text) refers to startup_tm4c123.o(STACK) for Stack_Mem
    system_tm4c123.o(i.SystemCoreClockUpdate) refers to system_tm4c123.o(i.getOscClk) for getOscClk
    system_tm4c123.o(i.SystemCoreClockUpdate) refers to system_tm4c123.o(.data) for SystemCoreClock
    heap_1.o(i.pvPortMalloc) refers to tasks_1.o(i.vTaskSuspendAll) for vTaskSuspendAll
    heap_1.o(i.pvPortMalloc) refers to tasks_1.o(i.xTaskResumeAll) for xTaskResumeAll
    heap_1.o(i.pvPortMalloc) refers to heap_1.o(.data) for pucAlignedHeap
    heap_1.o(i.pvPortMalloc) refers to heap_1.o(.bss) for ucHeap
    heap_1.o(i.vPortInitialiseBlocks) refers to heap_1.o(.data) for xNextFreeByte
    heap_1.o(i.xPortGetFreeHeapSize) refers to heap_1.o(.data) for xNextFreeByte
    port.o(.emb_text) refers to tasks_1.o(i.vTaskSwitchContext) for vTaskSwitchContext
    port.o(.emb_text) refers to tasks_1.o(.data) for pxCurrentTCB
    port.o(i.SysTick_Handler) refers to tasks_1.o(i.xTaskIncrementTick) for xTaskIncrementTick
    port.o(i.prvTaskExitError) refers to port.o(.data) for uxCriticalNesting
    port.o(i.pxPortInitialiseStack) refers to port.o(i.prvTaskExitError) for prvTaskExitError
    port.o(i.vPortEndScheduler) refers to port.o(.data) for uxCriticalNesting
    port.o(i.vPortEnterCritical) refers to port.o(.data) for uxCriticalNesting
    port.o(i.vPortExitCritical) refers to port.o(.data) for uxCriticalNesting
    port.o(i.vPortSetupTimerInterrupt) refers to system_tm4c123.o(.data) for SystemCoreClock
    port.o(i.vPortSetupTimerInterrupt) refers to port.o(.data) for ulTimerCountsForOneTick
    port.o(i.vPortSuppressTicksAndSleep) refers to tasks_1.o(i.eTaskConfirmSleepModeStatus) for eTaskConfirmSleepModeStatus
    port.o(i.vPortSuppressTicksAndSleep) refers to tasks_1.o(i.vTaskStepTick) for vTaskStepTick
    port.o(i.vPortSuppressTicksAndSleep) refers to port.o(.data) for xMaximumPossibleSuppressedTicks
    port.o(i.vPortValidateInterruptPriority) refers to port.o(.emb_text) for vPortGetIPSR
    port.o(i.vPortValidateInterruptPriority) refers to port.o(.data) for ucMaxSysCallPriority
    port.o(i.xPortStartScheduler) refers to port.o(i.vPortSetupTimerInterrupt) for vPortSetupTimerInterrupt
    port.o(i.xPortStartScheduler) refers to port.o(.emb_text) for __asm___6_port_c_39a90d8d__prvEnableVFP
    port.o(i.xPortStartScheduler) refers to port.o(.data) for ucMaxSysCallPriority
    queue.o(i.prvCopyDataFromQueue) refers to rt_memcpy_v6.o(.text) for __aeabi_memcpy
    queue.o(i.prvCopyDataToQueue) refers to tasks_1.o(i.xTaskPriorityDisinherit) for xTaskPriorityDisinherit
    queue.o(i.prvCopyDataToQueue) refers to rt_memcpy_v6.o(.text) for __aeabi_memcpy
    queue.o(i.prvInitialiseMutex) refers to queue.o(i.xQueueGenericSend) for xQueueGenericSend
    queue.o(i.prvInitialiseNewQueue) refers to queue.o(i.xQueueGenericReset) for xQueueGenericReset
    queue.o(i.prvIsQueueEmpty) refers to port.o(i.vPortEnterCritical) for vPortEnterCritical
    queue.o(i.prvIsQueueEmpty) refers to port.o(i.vPortExitCritical) for vPortExitCritical
    queue.o(i.prvIsQueueFull) refers to port.o(i.vPortEnterCritical) for vPortEnterCritical
    queue.o(i.prvIsQueueFull) refers to port.o(i.vPortExitCritical) for vPortExitCritical
    queue.o(i.prvNotifyQueueSetContainer) refers to queue.o(i.prvCopyDataToQueue) for prvCopyDataToQueue
    queue.o(i.prvNotifyQueueSetContainer) refers to tasks_1.o(i.xTaskRemoveFromEventList) for xTaskRemoveFromEventList
    queue.o(i.prvUnlockQueue) refers to port.o(i.vPortEnterCritical) for vPortEnterCritical
    queue.o(i.prvUnlockQueue) refers to queue.o(i.prvNotifyQueueSetContainer) for prvNotifyQueueSetContainer
    queue.o(i.prvUnlockQueue) refers to tasks_1.o(i.vTaskMissedYield) for vTaskMissedYield
    queue.o(i.prvUnlockQueue) refers to tasks_1.o(i.xTaskRemoveFromEventList) for xTaskRemoveFromEventList
    queue.o(i.prvUnlockQueue) refers to port.o(i.vPortExitCritical) for vPortExitCritical
    queue.o(i.uxQueueMessagesWaiting) refers to port.o(i.vPortEnterCritical) for vPortEnterCritical
    queue.o(i.uxQueueMessagesWaiting) refers to port.o(i.vPortExitCritical) for vPortExitCritical
    queue.o(i.uxQueueSpacesAvailable) refers to port.o(i.vPortEnterCritical) for vPortEnterCritical
    queue.o(i.uxQueueSpacesAvailable) refers to port.o(i.vPortExitCritical) for vPortExitCritical
    queue.o(i.vQueueDelete) refers to heap_1.o(i.vPortFree) for vPortFree
    queue.o(i.vQueueWaitForMessageRestricted) refers to port.o(i.vPortEnterCritical) for vPortEnterCritical
    queue.o(i.vQueueWaitForMessageRestricted) refers to port.o(i.vPortExitCritical) for vPortExitCritical
    queue.o(i.vQueueWaitForMessageRestricted) refers to tasks_1.o(i.vTaskPlaceOnEventListRestricted) for vTaskPlaceOnEventListRestricted
    queue.o(i.vQueueWaitForMessageRestricted) refers to queue.o(i.prvUnlockQueue) for prvUnlockQueue
    queue.o(i.xQueueAddToSet) refers to port.o(i.vPortEnterCritical) for vPortEnterCritical
    queue.o(i.xQueueAddToSet) refers to port.o(i.vPortExitCritical) for vPortExitCritical
    queue.o(i.xQueueCreateCountingSemaphore) refers to queue.o(i.xQueueGenericCreate) for xQueueGenericCreate
    queue.o(i.xQueueCreateMutex) refers to queue.o(i.xQueueGenericCreate) for xQueueGenericCreate
    queue.o(i.xQueueCreateMutex) refers to queue.o(i.prvInitialiseMutex) for prvInitialiseMutex
    queue.o(i.xQueueCreateSet) refers to queue.o(i.xQueueGenericCreate) for xQueueGenericCreate
    queue.o(i.xQueueGenericCreate) refers to heap_1.o(i.pvPortMalloc) for pvPortMalloc
    queue.o(i.xQueueGenericCreate) refers to queue.o(i.prvInitialiseNewQueue) for prvInitialiseNewQueue
    queue.o(i.xQueueGenericReset) refers to port.o(i.vPortEnterCritical) for vPortEnterCritical
    queue.o(i.xQueueGenericReset) refers to tasks_1.o(i.xTaskRemoveFromEventList) for xTaskRemoveFromEventList
    queue.o(i.xQueueGenericReset) refers to list.o(i.vListInitialise) for vListInitialise
    queue.o(i.xQueueGenericReset) refers to port.o(i.vPortExitCritical) for vPortExitCritical
    queue.o(i.xQueueGenericSend) refers to tasks_1.o(i.xTaskGetSchedulerState) for xTaskGetSchedulerState
    queue.o(i.xQueueGenericSend) refers to port.o(i.vPortEnterCritical) for vPortEnterCritical
    queue.o(i.xQueueGenericSend) refers to queue.o(i.prvCopyDataToQueue) for prvCopyDataToQueue
    queue.o(i.xQueueGenericSend) refers to queue.o(i.prvNotifyQueueSetContainer) for prvNotifyQueueSetContainer
    queue.o(i.xQueueGenericSend) refers to tasks_1.o(i.xTaskRemoveFromEventList) for xTaskRemoveFromEventList
    queue.o(i.xQueueGenericSend) refers to port.o(i.vPortExitCritical) for vPortExitCritical
    queue.o(i.xQueueGenericSend) refers to tasks_1.o(i.vTaskInternalSetTimeOutState) for vTaskInternalSetTimeOutState
    queue.o(i.xQueueGenericSend) refers to tasks_1.o(i.vTaskSuspendAll) for vTaskSuspendAll
    queue.o(i.xQueueGenericSend) refers to tasks_1.o(i.xTaskCheckForTimeOut) for xTaskCheckForTimeOut
    queue.o(i.xQueueGenericSend) refers to queue.o(i.prvIsQueueFull) for prvIsQueueFull
    queue.o(i.xQueueGenericSend) refers to tasks_1.o(i.vTaskPlaceOnEventList) for vTaskPlaceOnEventList
    queue.o(i.xQueueGenericSend) refers to queue.o(i.prvUnlockQueue) for prvUnlockQueue
    queue.o(i.xQueueGenericSend) refers to tasks_1.o(i.xTaskResumeAll) for xTaskResumeAll
    queue.o(i.xQueueGenericSendFromISR) refers to port.o(i.vPortValidateInterruptPriority) for vPortValidateInterruptPriority
    queue.o(i.xQueueGenericSendFromISR) refers to queue.o(i.prvCopyDataToQueue) for prvCopyDataToQueue
    queue.o(i.xQueueGenericSendFromISR) refers to queue.o(i.prvNotifyQueueSetContainer) for prvNotifyQueueSetContainer
    queue.o(i.xQueueGenericSendFromISR) refers to tasks_1.o(i.xTaskRemoveFromEventList) for xTaskRemoveFromEventList
    queue.o(i.xQueueGetMutexHolder) refers to port.o(i.vPortEnterCritical) for vPortEnterCritical
    queue.o(i.xQueueGetMutexHolder) refers to port.o(i.vPortExitCritical) for vPortExitCritical
    queue.o(i.xQueueGiveFromISR) refers to port.o(i.vPortValidateInterruptPriority) for vPortValidateInterruptPriority
    queue.o(i.xQueueGiveFromISR) refers to queue.o(i.prvNotifyQueueSetContainer) for prvNotifyQueueSetContainer
    queue.o(i.xQueueGiveFromISR) refers to tasks_1.o(i.xTaskRemoveFromEventList) for xTaskRemoveFromEventList
    queue.o(i.xQueueGiveMutexRecursive) refers to tasks_1.o(i.xTaskGetCurrentTaskHandle) for xTaskGetCurrentTaskHandle
    queue.o(i.xQueueGiveMutexRecursive) refers to queue.o(i.xQueueGenericSend) for xQueueGenericSend
    queue.o(i.xQueuePeek) refers to tasks_1.o(i.xTaskGetSchedulerState) for xTaskGetSchedulerState
    queue.o(i.xQueuePeek) refers to port.o(i.vPortEnterCritical) for vPortEnterCritical
    queue.o(i.xQueuePeek) refers to queue.o(i.prvCopyDataFromQueue) for prvCopyDataFromQueue
    queue.o(i.xQueuePeek) refers to tasks_1.o(i.xTaskRemoveFromEventList) for xTaskRemoveFromEventList
    queue.o(i.xQueuePeek) refers to port.o(i.vPortExitCritical) for vPortExitCritical
    queue.o(i.xQueuePeek) refers to tasks_1.o(i.vTaskInternalSetTimeOutState) for vTaskInternalSetTimeOutState
    queue.o(i.xQueuePeek) refers to tasks_1.o(i.vTaskSuspendAll) for vTaskSuspendAll
    queue.o(i.xQueuePeek) refers to tasks_1.o(i.xTaskCheckForTimeOut) for xTaskCheckForTimeOut
    queue.o(i.xQueuePeek) refers to queue.o(i.prvIsQueueEmpty) for prvIsQueueEmpty
    queue.o(i.xQueuePeek) refers to tasks_1.o(i.vTaskPlaceOnEventList) for vTaskPlaceOnEventList
    queue.o(i.xQueuePeek) refers to queue.o(i.prvUnlockQueue) for prvUnlockQueue
    queue.o(i.xQueuePeek) refers to tasks_1.o(i.xTaskResumeAll) for xTaskResumeAll
    queue.o(i.xQueuePeekFromISR) refers to port.o(i.vPortValidateInterruptPriority) for vPortValidateInterruptPriority
    queue.o(i.xQueuePeekFromISR) refers to queue.o(i.prvCopyDataFromQueue) for prvCopyDataFromQueue
    queue.o(i.xQueueReceive) refers to tasks_1.o(i.xTaskGetSchedulerState) for xTaskGetSchedulerState
    queue.o(i.xQueueReceive) refers to port.o(i.vPortEnterCritical) for vPortEnterCritical
    queue.o(i.xQueueReceive) refers to queue.o(i.prvCopyDataFromQueue) for prvCopyDataFromQueue
    queue.o(i.xQueueReceive) refers to tasks_1.o(i.xTaskRemoveFromEventList) for xTaskRemoveFromEventList
    queue.o(i.xQueueReceive) refers to port.o(i.vPortExitCritical) for vPortExitCritical
    queue.o(i.xQueueReceive) refers to tasks_1.o(i.vTaskInternalSetTimeOutState) for vTaskInternalSetTimeOutState
    queue.o(i.xQueueReceive) refers to tasks_1.o(i.vTaskSuspendAll) for vTaskSuspendAll
    queue.o(i.xQueueReceive) refers to tasks_1.o(i.xTaskCheckForTimeOut) for xTaskCheckForTimeOut
    queue.o(i.xQueueReceive) refers to queue.o(i.prvIsQueueEmpty) for prvIsQueueEmpty
    queue.o(i.xQueueReceive) refers to tasks_1.o(i.vTaskPlaceOnEventList) for vTaskPlaceOnEventList
    queue.o(i.xQueueReceive) refers to queue.o(i.prvUnlockQueue) for prvUnlockQueue
    queue.o(i.xQueueReceive) refers to tasks_1.o(i.xTaskResumeAll) for xTaskResumeAll
    queue.o(i.xQueueReceiveFromISR) refers to port.o(i.vPortValidateInterruptPriority) for vPortValidateInterruptPriority
    queue.o(i.xQueueReceiveFromISR) refers to queue.o(i.prvCopyDataFromQueue) for prvCopyDataFromQueue
    queue.o(i.xQueueReceiveFromISR) refers to tasks_1.o(i.xTaskRemoveFromEventList) for xTaskRemoveFromEventList
    queue.o(i.xQueueRemoveFromSet) refers to port.o(i.vPortEnterCritical) for vPortEnterCritical
    queue.o(i.xQueueRemoveFromSet) refers to port.o(i.vPortExitCritical) for vPortExitCritical
    queue.o(i.xQueueSelectFromSet) refers to queue.o(i.xQueueReceive) for xQueueReceive
    queue.o(i.xQueueSelectFromSetFromISR) refers to queue.o(i.xQueueReceiveFromISR) for xQueueReceiveFromISR
    queue.o(i.xQueueSemaphoreTake) refers to tasks_1.o(i.xTaskGetSchedulerState) for xTaskGetSchedulerState
    queue.o(i.xQueueSemaphoreTake) refers to port.o(i.vPortEnterCritical) for vPortEnterCritical
    queue.o(i.xQueueSemaphoreTake) refers to tasks_1.o(i.pvTaskIncrementMutexHeldCount) for pvTaskIncrementMutexHeldCount
    queue.o(i.xQueueSemaphoreTake) refers to tasks_1.o(i.xTaskRemoveFromEventList) for xTaskRemoveFromEventList
    queue.o(i.xQueueSemaphoreTake) refers to port.o(i.vPortExitCritical) for vPortExitCritical
    queue.o(i.xQueueSemaphoreTake) refers to tasks_1.o(i.vTaskInternalSetTimeOutState) for vTaskInternalSetTimeOutState
    queue.o(i.xQueueSemaphoreTake) refers to tasks_1.o(i.vTaskSuspendAll) for vTaskSuspendAll
    queue.o(i.xQueueSemaphoreTake) refers to tasks_1.o(i.xTaskCheckForTimeOut) for xTaskCheckForTimeOut
    queue.o(i.xQueueSemaphoreTake) refers to queue.o(i.prvIsQueueEmpty) for prvIsQueueEmpty
    queue.o(i.xQueueSemaphoreTake) refers to tasks_1.o(i.xTaskPriorityInherit) for xTaskPriorityInherit
    queue.o(i.xQueueSemaphoreTake) refers to tasks_1.o(i.vTaskPlaceOnEventList) for vTaskPlaceOnEventList
    queue.o(i.xQueueSemaphoreTake) refers to queue.o(i.prvUnlockQueue) for prvUnlockQueue
    queue.o(i.xQueueSemaphoreTake) refers to tasks_1.o(i.xTaskResumeAll) for xTaskResumeAll
    queue.o(i.xQueueSemaphoreTake) refers to queue.o(i.prvGetDisinheritPriorityAfterTimeout) for prvGetDisinheritPriorityAfterTimeout
    queue.o(i.xQueueSemaphoreTake) refers to tasks_1.o(i.vTaskPriorityDisinheritAfterTimeout) for vTaskPriorityDisinheritAfterTimeout
    queue.o(i.xQueueTakeMutexRecursive) refers to tasks_1.o(i.xTaskGetCurrentTaskHandle) for xTaskGetCurrentTaskHandle
    queue.o(i.xQueueTakeMutexRecursive) refers to queue.o(i.xQueueSemaphoreTake) for xQueueSemaphoreTake
    tasks_1.o(i.eTaskConfirmSleepModeStatus) refers to tasks_1.o(.bss) for xPendingReadyList
    tasks_1.o(i.eTaskConfirmSleepModeStatus) refers to tasks_1.o(.data) for xYieldPending
    tasks_1.o(i.eTaskGetState) refers to port.o(i.vPortEnterCritical) for vPortEnterCritical
    tasks_1.o(i.eTaskGetState) refers to port.o(i.vPortExitCritical) for vPortExitCritical
    tasks_1.o(i.eTaskGetState) refers to tasks_1.o(.data) for pxCurrentTCB
    tasks_1.o(i.eTaskGetState) refers to tasks_1.o(.bss) for xSuspendedTaskList
    tasks_1.o(i.pcTaskGetName) refers to tasks_1.o(.data) for pxCurrentTCB
    tasks_1.o(i.prvAddCurrentTaskToDelayedList) refers to list.o(i.uxListRemove) for uxListRemove
    tasks_1.o(i.prvAddCurrentTaskToDelayedList) refers to list.o(i.vListInsertEnd) for vListInsertEnd
    tasks_1.o(i.prvAddCurrentTaskToDelayedList) refers to list.o(i.vListInsert) for vListInsert
    tasks_1.o(i.prvAddCurrentTaskToDelayedList) refers to tasks_1.o(.data) for xTickCount
    tasks_1.o(i.prvAddCurrentTaskToDelayedList) refers to tasks_1.o(.bss) for xSuspendedTaskList
    tasks_1.o(i.prvAddNewTaskToReadyList) refers to port.o(i.vPortEnterCritical) for vPortEnterCritical
    tasks_1.o(i.prvAddNewTaskToReadyList) refers to tasks_1.o(i.prvInitialiseTaskLists) for prvInitialiseTaskLists
    tasks_1.o(i.prvAddNewTaskToReadyList) refers to list.o(i.vListInsertEnd) for vListInsertEnd
    tasks_1.o(i.prvAddNewTaskToReadyList) refers to port.o(i.vPortExitCritical) for vPortExitCritical
    tasks_1.o(i.prvAddNewTaskToReadyList) refers to tasks_1.o(.data) for uxCurrentNumberOfTasks
    tasks_1.o(i.prvAddNewTaskToReadyList) refers to tasks_1.o(.bss) for pxReadyTasksLists
    tasks_1.o(i.prvCheckTasksWaitingTermination) refers to port.o(i.vPortEnterCritical) for vPortEnterCritical
    tasks_1.o(i.prvCheckTasksWaitingTermination) refers to list.o(i.uxListRemove) for uxListRemove
    tasks_1.o(i.prvCheckTasksWaitingTermination) refers to port.o(i.vPortExitCritical) for vPortExitCritical
    tasks_1.o(i.prvCheckTasksWaitingTermination) refers to tasks_1.o(i.prvDeleteTCB) for prvDeleteTCB
    tasks_1.o(i.prvCheckTasksWaitingTermination) refers to tasks_1.o(.bss) for xTasksWaitingTermination
    tasks_1.o(i.prvCheckTasksWaitingTermination) refers to tasks_1.o(.data) for uxCurrentNumberOfTasks
    tasks_1.o(i.prvDeleteTCB) refers to heap_1.o(i.vPortFree) for vPortFree
    tasks_1.o(i.prvGetExpectedIdleTime) refers to tasks_1.o(.data) for uxTopReadyPriority
    tasks_1.o(i.prvGetExpectedIdleTime) refers to tasks_1.o(.bss) for pxReadyTasksLists
    tasks_1.o(i.prvIdleTask) refers to tasks_1.o(i.prvCheckTasksWaitingTermination) for prvCheckTasksWaitingTermination
    tasks_1.o(i.prvIdleTask) refers to tasks_1.o(i.prvGetExpectedIdleTime) for prvGetExpectedIdleTime
    tasks_1.o(i.prvIdleTask) refers to tasks_1.o(i.vTaskSuspendAll) for vTaskSuspendAll
    tasks_1.o(i.prvIdleTask) refers to port.o(i.vPortSuppressTicksAndSleep) for vPortSuppressTicksAndSleep
    tasks_1.o(i.prvIdleTask) refers to tasks_1.o(i.xTaskResumeAll) for xTaskResumeAll
    tasks_1.o(i.prvIdleTask) refers to tasks_1.o(.bss) for pxReadyTasksLists
    tasks_1.o(i.prvIdleTask) refers to tasks_1.o(.data) for xNextTaskUnblockTime
    tasks_1.o(i.prvInitialiseNewTask) refers to aeabi_memset.o(.text) for __aeabi_memset
    tasks_1.o(i.prvInitialiseNewTask) refers to list.o(i.vListInitialiseItem) for vListInitialiseItem
    tasks_1.o(i.prvInitialiseNewTask) refers to port.o(i.pxPortInitialiseStack) for pxPortInitialiseStack
    tasks_1.o(i.prvInitialiseTaskLists) refers to list.o(i.vListInitialise) for vListInitialise
    tasks_1.o(i.prvInitialiseTaskLists) refers to tasks_1.o(.bss) for pxReadyTasksLists
    tasks_1.o(i.prvInitialiseTaskLists) refers to tasks_1.o(.data) for pxDelayedTaskList
    tasks_1.o(i.prvListTasksWithinSingleList) refers to tasks_1.o(i.vTaskGetInfo) for vTaskGetInfo
    tasks_1.o(i.prvResetNextTaskUnblockTime) refers to tasks_1.o(.data) for pxDelayedTaskList
    tasks_1.o(i.prvTaskIsTaskSuspended) refers to tasks_1.o(.bss) for xSuspendedTaskList
    tasks_1.o(i.pvTaskIncrementMutexHeldCount) refers to tasks_1.o(.data) for pxCurrentTCB
    tasks_1.o(i.ulTaskNotifyTake) refers to port.o(i.vPortEnterCritical) for vPortEnterCritical
    tasks_1.o(i.ulTaskNotifyTake) refers to tasks_1.o(i.prvAddCurrentTaskToDelayedList) for prvAddCurrentTaskToDelayedList
    tasks_1.o(i.ulTaskNotifyTake) refers to port.o(i.vPortExitCritical) for vPortExitCritical
    tasks_1.o(i.ulTaskNotifyTake) refers to tasks_1.o(.data) for pxCurrentTCB
    tasks_1.o(i.uxTaskGetNumberOfTasks) refers to tasks_1.o(.data) for uxCurrentNumberOfTasks
    tasks_1.o(i.uxTaskGetStackHighWaterMark) refers to tasks_1.o(i.prvTaskCheckFreeStackSpace) for prvTaskCheckFreeStackSpace
    tasks_1.o(i.uxTaskGetStackHighWaterMark) refers to tasks_1.o(.data) for pxCurrentTCB
    tasks_1.o(i.uxTaskGetStackHighWaterMark2) refers to tasks_1.o(i.prvTaskCheckFreeStackSpace) for prvTaskCheckFreeStackSpace
    tasks_1.o(i.uxTaskGetStackHighWaterMark2) refers to tasks_1.o(.data) for pxCurrentTCB
    tasks_1.o(i.uxTaskGetSystemState) refers to tasks_1.o(i.vTaskSuspendAll) for vTaskSuspendAll
    tasks_1.o(i.uxTaskGetSystemState) refers to tasks_1.o(i.prvListTasksWithinSingleList) for prvListTasksWithinSingleList
    tasks_1.o(i.uxTaskGetSystemState) refers to tasks_1.o(i.xTaskResumeAll) for xTaskResumeAll
    tasks_1.o(i.uxTaskGetSystemState) refers to tasks_1.o(.data) for uxCurrentNumberOfTasks
    tasks_1.o(i.uxTaskGetSystemState) refers to tasks_1.o(.bss) for pxReadyTasksLists
    tasks_1.o(i.uxTaskPriorityGet) refers to port.o(i.vPortEnterCritical) for vPortEnterCritical
    tasks_1.o(i.uxTaskPriorityGet) refers to port.o(i.vPortExitCritical) for vPortExitCritical
    tasks_1.o(i.uxTaskPriorityGet) refers to tasks_1.o(.data) for pxCurrentTCB
    tasks_1.o(i.uxTaskPriorityGetFromISR) refers to port.o(i.vPortValidateInterruptPriority) for vPortValidateInterruptPriority
    tasks_1.o(i.uxTaskPriorityGetFromISR) refers to tasks_1.o(.data) for pxCurrentTCB
    tasks_1.o(i.uxTaskResetEventItemValue) refers to tasks_1.o(.data) for pxCurrentTCB
    tasks_1.o(i.vTaskDelay) refers to tasks_1.o(i.vTaskSuspendAll) for vTaskSuspendAll
    tasks_1.o(i.vTaskDelay) refers to tasks_1.o(i.prvAddCurrentTaskToDelayedList) for prvAddCurrentTaskToDelayedList
    tasks_1.o(i.vTaskDelay) refers to tasks_1.o(i.xTaskResumeAll) for xTaskResumeAll
    tasks_1.o(i.vTaskDelay) refers to tasks_1.o(.data) for uxSchedulerSuspended
    tasks_1.o(i.vTaskDelayUntil) refers to tasks_1.o(i.vTaskSuspendAll) for vTaskSuspendAll
    tasks_1.o(i.vTaskDelayUntil) refers to tasks_1.o(i.prvAddCurrentTaskToDelayedList) for prvAddCurrentTaskToDelayedList
    tasks_1.o(i.vTaskDelayUntil) refers to tasks_1.o(i.xTaskResumeAll) for xTaskResumeAll
    tasks_1.o(i.vTaskDelayUntil) refers to tasks_1.o(.data) for uxSchedulerSuspended
    tasks_1.o(i.vTaskDelete) refers to port.o(i.vPortEnterCritical) for vPortEnterCritical
    tasks_1.o(i.vTaskDelete) refers to list.o(i.uxListRemove) for uxListRemove
    tasks_1.o(i.vTaskDelete) refers to list.o(i.vListInsertEnd) for vListInsertEnd
    tasks_1.o(i.vTaskDelete) refers to tasks_1.o(i.prvDeleteTCB) for prvDeleteTCB
    tasks_1.o(i.vTaskDelete) refers to tasks_1.o(i.prvResetNextTaskUnblockTime) for prvResetNextTaskUnblockTime
    tasks_1.o(i.vTaskDelete) refers to port.o(i.vPortExitCritical) for vPortExitCritical
    tasks_1.o(i.vTaskDelete) refers to tasks_1.o(.data) for pxCurrentTCB
    tasks_1.o(i.vTaskDelete) refers to tasks_1.o(.bss) for pxReadyTasksLists
    tasks_1.o(i.vTaskEndScheduler) refers to port.o(i.vPortEndScheduler) for vPortEndScheduler
    tasks_1.o(i.vTaskEndScheduler) refers to tasks_1.o(.data) for xSchedulerRunning
    tasks_1.o(i.vTaskGetInfo) refers to tasks_1.o(i.vTaskSuspendAll) for vTaskSuspendAll
    tasks_1.o(i.vTaskGetInfo) refers to tasks_1.o(i.xTaskResumeAll) for xTaskResumeAll
    tasks_1.o(i.vTaskGetInfo) refers to tasks_1.o(i.eTaskGetState) for eTaskGetState
    tasks_1.o(i.vTaskGetInfo) refers to tasks_1.o(i.prvTaskCheckFreeStackSpace) for prvTaskCheckFreeStackSpace
    tasks_1.o(i.vTaskGetInfo) refers to tasks_1.o(.data) for pxCurrentTCB
    tasks_1.o(i.vTaskInternalSetTimeOutState) refers to tasks_1.o(.data) for xNumOfOverflows
    tasks_1.o(i.vTaskMissedYield) refers to tasks_1.o(.data) for xYieldPending
    tasks_1.o(i.vTaskNotifyGiveFromISR) refers to port.o(i.vPortValidateInterruptPriority) for vPortValidateInterruptPriority
    tasks_1.o(i.vTaskNotifyGiveFromISR) refers to list.o(i.uxListRemove) for uxListRemove
    tasks_1.o(i.vTaskNotifyGiveFromISR) refers to list.o(i.vListInsertEnd) for vListInsertEnd
    tasks_1.o(i.vTaskNotifyGiveFromISR) refers to tasks_1.o(.data) for uxSchedulerSuspended
    tasks_1.o(i.vTaskNotifyGiveFromISR) refers to tasks_1.o(.bss) for pxReadyTasksLists
    tasks_1.o(i.vTaskPlaceOnEventList) refers to list.o(i.vListInsert) for vListInsert
    tasks_1.o(i.vTaskPlaceOnEventList) refers to tasks_1.o(i.prvAddCurrentTaskToDelayedList) for prvAddCurrentTaskToDelayedList
    tasks_1.o(i.vTaskPlaceOnEventList) refers to tasks_1.o(.data) for pxCurrentTCB
    tasks_1.o(i.vTaskPlaceOnEventListRestricted) refers to list.o(i.vListInsertEnd) for vListInsertEnd
    tasks_1.o(i.vTaskPlaceOnEventListRestricted) refers to tasks_1.o(i.prvAddCurrentTaskToDelayedList) for prvAddCurrentTaskToDelayedList
    tasks_1.o(i.vTaskPlaceOnEventListRestricted) refers to tasks_1.o(.data) for pxCurrentTCB
    tasks_1.o(i.vTaskPlaceOnUnorderedEventList) refers to list.o(i.vListInsertEnd) for vListInsertEnd
    tasks_1.o(i.vTaskPlaceOnUnorderedEventList) refers to tasks_1.o(i.prvAddCurrentTaskToDelayedList) for prvAddCurrentTaskToDelayedList
    tasks_1.o(i.vTaskPlaceOnUnorderedEventList) refers to tasks_1.o(.data) for uxSchedulerSuspended
    tasks_1.o(i.vTaskPriorityDisinheritAfterTimeout) refers to list.o(i.uxListRemove) for uxListRemove
    tasks_1.o(i.vTaskPriorityDisinheritAfterTimeout) refers to list.o(i.vListInsertEnd) for vListInsertEnd
    tasks_1.o(i.vTaskPriorityDisinheritAfterTimeout) refers to tasks_1.o(.data) for pxCurrentTCB
    tasks_1.o(i.vTaskPriorityDisinheritAfterTimeout) refers to tasks_1.o(.bss) for pxReadyTasksLists
    tasks_1.o(i.vTaskPrioritySet) refers to port.o(i.vPortEnterCritical) for vPortEnterCritical
    tasks_1.o(i.vTaskPrioritySet) refers to list.o(i.uxListRemove) for uxListRemove
    tasks_1.o(i.vTaskPrioritySet) refers to list.o(i.vListInsertEnd) for vListInsertEnd
    tasks_1.o(i.vTaskPrioritySet) refers to port.o(i.vPortExitCritical) for vPortExitCritical
    tasks_1.o(i.vTaskPrioritySet) refers to tasks_1.o(.data) for pxCurrentTCB
    tasks_1.o(i.vTaskPrioritySet) refers to tasks_1.o(.bss) for pxReadyTasksLists
    tasks_1.o(i.vTaskRemoveFromUnorderedEventList) refers to list.o(i.uxListRemove) for uxListRemove
    tasks_1.o(i.vTaskRemoveFromUnorderedEventList) refers to list.o(i.vListInsertEnd) for vListInsertEnd
    tasks_1.o(i.vTaskRemoveFromUnorderedEventList) refers to tasks_1.o(.data) for uxSchedulerSuspended
    tasks_1.o(i.vTaskRemoveFromUnorderedEventList) refers to tasks_1.o(.bss) for pxReadyTasksLists
    tasks_1.o(i.vTaskResume) refers to port.o(i.vPortEnterCritical) for vPortEnterCritical
    tasks_1.o(i.vTaskResume) refers to tasks_1.o(i.prvTaskIsTaskSuspended) for prvTaskIsTaskSuspended
    tasks_1.o(i.vTaskResume) refers to list.o(i.uxListRemove) for uxListRemove
    tasks_1.o(i.vTaskResume) refers to list.o(i.vListInsertEnd) for vListInsertEnd
    tasks_1.o(i.vTaskResume) refers to port.o(i.vPortExitCritical) for vPortExitCritical
    tasks_1.o(i.vTaskResume) refers to tasks_1.o(.data) for pxCurrentTCB
    tasks_1.o(i.vTaskResume) refers to tasks_1.o(.bss) for pxReadyTasksLists
    tasks_1.o(i.vTaskSetTimeOutState) refers to port.o(i.vPortEnterCritical) for vPortEnterCritical
    tasks_1.o(i.vTaskSetTimeOutState) refers to port.o(i.vPortExitCritical) for vPortExitCritical
    tasks_1.o(i.vTaskSetTimeOutState) refers to tasks_1.o(.data) for xNumOfOverflows
    tasks_1.o(i.vTaskStartScheduler) refers to tasks_1.o(i.xTaskCreate) for xTaskCreate
    tasks_1.o(i.vTaskStartScheduler) refers to timers.o(i.xTimerCreateTimerTask) for xTimerCreateTimerTask
    tasks_1.o(i.vTaskStartScheduler) refers to port.o(i.xPortStartScheduler) for xPortStartScheduler
    tasks_1.o(i.vTaskStartScheduler) refers to tasks_1.o(.data) for xIdleTaskHandle
    tasks_1.o(i.vTaskStartScheduler) refers to tasks_1.o(i.prvIdleTask) for prvIdleTask
    tasks_1.o(i.vTaskStepTick) refers to tasks_1.o(.data) for xTickCount
    tasks_1.o(i.vTaskSuspend) refers to port.o(i.vPortEnterCritical) for vPortEnterCritical
    tasks_1.o(i.vTaskSuspend) refers to list.o(i.uxListRemove) for uxListRemove
    tasks_1.o(i.vTaskSuspend) refers to list.o(i.vListInsertEnd) for vListInsertEnd
    tasks_1.o(i.vTaskSuspend) refers to port.o(i.vPortExitCritical) for vPortExitCritical
    tasks_1.o(i.vTaskSuspend) refers to tasks_1.o(i.prvResetNextTaskUnblockTime) for prvResetNextTaskUnblockTime
    tasks_1.o(i.vTaskSuspend) refers to tasks_1.o(i.vTaskSwitchContext) for vTaskSwitchContext
    tasks_1.o(i.vTaskSuspend) refers to tasks_1.o(.data) for pxCurrentTCB
    tasks_1.o(i.vTaskSuspend) refers to tasks_1.o(.bss) for pxReadyTasksLists
    tasks_1.o(i.vTaskSuspendAll) refers to tasks_1.o(.data) for uxSchedulerSuspended
    tasks_1.o(i.vTaskSwitchContext) refers to tasks_1.o(.data) for uxSchedulerSuspended
    tasks_1.o(i.vTaskSwitchContext) refers to tasks_1.o(.bss) for pxReadyTasksLists
    tasks_1.o(i.xTaskAbortDelay) refers to tasks_1.o(i.vTaskSuspendAll) for vTaskSuspendAll
    tasks_1.o(i.xTaskAbortDelay) refers to tasks_1.o(i.eTaskGetState) for eTaskGetState
    tasks_1.o(i.xTaskAbortDelay) refers to list.o(i.uxListRemove) for uxListRemove
    tasks_1.o(i.xTaskAbortDelay) refers to port.o(i.vPortEnterCritical) for vPortEnterCritical
    tasks_1.o(i.xTaskAbortDelay) refers to port.o(i.vPortExitCritical) for vPortExitCritical
    tasks_1.o(i.xTaskAbortDelay) refers to list.o(i.vListInsertEnd) for vListInsertEnd
    tasks_1.o(i.xTaskAbortDelay) refers to tasks_1.o(i.xTaskResumeAll) for xTaskResumeAll
    tasks_1.o(i.xTaskAbortDelay) refers to tasks_1.o(.data) for uxTopReadyPriority
    tasks_1.o(i.xTaskAbortDelay) refers to tasks_1.o(.bss) for pxReadyTasksLists
    tasks_1.o(i.xTaskCheckForTimeOut) refers to port.o(i.vPortEnterCritical) for vPortEnterCritical
    tasks_1.o(i.xTaskCheckForTimeOut) refers to tasks_1.o(i.vTaskInternalSetTimeOutState) for vTaskInternalSetTimeOutState
    tasks_1.o(i.xTaskCheckForTimeOut) refers to port.o(i.vPortExitCritical) for vPortExitCritical
    tasks_1.o(i.xTaskCheckForTimeOut) refers to tasks_1.o(.data) for xTickCount
    tasks_1.o(i.xTaskCreate) refers to heap_1.o(i.pvPortMalloc) for pvPortMalloc
    tasks_1.o(i.xTaskCreate) refers to heap_1.o(i.vPortFree) for vPortFree
    tasks_1.o(i.xTaskCreate) refers to tasks_1.o(i.prvInitialiseNewTask) for prvInitialiseNewTask
    tasks_1.o(i.xTaskCreate) refers to tasks_1.o(i.prvAddNewTaskToReadyList) for prvAddNewTaskToReadyList
    tasks_1.o(i.xTaskGenericNotify) refers to port.o(i.vPortEnterCritical) for vPortEnterCritical
    tasks_1.o(i.xTaskGenericNotify) refers to list.o(i.uxListRemove) for uxListRemove
    tasks_1.o(i.xTaskGenericNotify) refers to list.o(i.vListInsertEnd) for vListInsertEnd
    tasks_1.o(i.xTaskGenericNotify) refers to tasks_1.o(i.prvResetNextTaskUnblockTime) for prvResetNextTaskUnblockTime
    tasks_1.o(i.xTaskGenericNotify) refers to port.o(i.vPortExitCritical) for vPortExitCritical
    tasks_1.o(i.xTaskGenericNotify) refers to tasks_1.o(.data) for uxTopReadyPriority
    tasks_1.o(i.xTaskGenericNotify) refers to tasks_1.o(.bss) for pxReadyTasksLists
    tasks_1.o(i.xTaskGenericNotifyFromISR) refers to port.o(i.vPortValidateInterruptPriority) for vPortValidateInterruptPriority
    tasks_1.o(i.xTaskGenericNotifyFromISR) refers to list.o(i.uxListRemove) for uxListRemove
    tasks_1.o(i.xTaskGenericNotifyFromISR) refers to list.o(i.vListInsertEnd) for vListInsertEnd
    tasks_1.o(i.xTaskGenericNotifyFromISR) refers to tasks_1.o(.data) for uxSchedulerSuspended
    tasks_1.o(i.xTaskGenericNotifyFromISR) refers to tasks_1.o(.bss) for pxReadyTasksLists
    tasks_1.o(i.xTaskGetCurrentTaskHandle) refers to tasks_1.o(.data) for pxCurrentTCB
    tasks_1.o(i.xTaskGetHandle) refers to strlen.o(.text) for strlen
    tasks_1.o(i.xTaskGetHandle) refers to tasks_1.o(i.vTaskSuspendAll) for vTaskSuspendAll
    tasks_1.o(i.xTaskGetHandle) refers to tasks_1.o(i.prvSearchForNameWithinSingleList) for prvSearchForNameWithinSingleList
    tasks_1.o(i.xTaskGetHandle) refers to tasks_1.o(i.xTaskResumeAll) for xTaskResumeAll
    tasks_1.o(i.xTaskGetHandle) refers to tasks_1.o(.bss) for pxReadyTasksLists
    tasks_1.o(i.xTaskGetHandle) refers to tasks_1.o(.data) for pxDelayedTaskList
    tasks_1.o(i.xTaskGetIdleTaskHandle) refers to tasks_1.o(.data) for xIdleTaskHandle
    tasks_1.o(i.xTaskGetSchedulerState) refers to tasks_1.o(.data) for xSchedulerRunning
    tasks_1.o(i.xTaskGetTickCount) refers to tasks_1.o(.data) for xTickCount
    tasks_1.o(i.xTaskGetTickCountFromISR) refers to port.o(i.vPortValidateInterruptPriority) for vPortValidateInterruptPriority
    tasks_1.o(i.xTaskGetTickCountFromISR) refers to tasks_1.o(.data) for xTickCount
    tasks_1.o(i.xTaskIncrementTick) refers to tasks_1.o(i.prvResetNextTaskUnblockTime) for prvResetNextTaskUnblockTime
    tasks_1.o(i.xTaskIncrementTick) refers to list.o(i.uxListRemove) for uxListRemove
    tasks_1.o(i.xTaskIncrementTick) refers to list.o(i.vListInsertEnd) for vListInsertEnd
    tasks_1.o(i.xTaskIncrementTick) refers to tasks_1.o(.data) for uxSchedulerSuspended
    tasks_1.o(i.xTaskIncrementTick) refers to tasks_1.o(.bss) for pxReadyTasksLists
    tasks_1.o(i.xTaskNotifyStateClear) refers to port.o(i.vPortEnterCritical) for vPortEnterCritical
    tasks_1.o(i.xTaskNotifyStateClear) refers to port.o(i.vPortExitCritical) for vPortExitCritical
    tasks_1.o(i.xTaskNotifyStateClear) refers to tasks_1.o(.data) for pxCurrentTCB
    tasks_1.o(i.xTaskNotifyWait) refers to port.o(i.vPortEnterCritical) for vPortEnterCritical
    tasks_1.o(i.xTaskNotifyWait) refers to tasks_1.o(i.prvAddCurrentTaskToDelayedList) for prvAddCurrentTaskToDelayedList
    tasks_1.o(i.xTaskNotifyWait) refers to port.o(i.vPortExitCritical) for vPortExitCritical
    tasks_1.o(i.xTaskNotifyWait) refers to tasks_1.o(.data) for pxCurrentTCB
    tasks_1.o(i.xTaskPriorityDisinherit) refers to list.o(i.uxListRemove) for uxListRemove
    tasks_1.o(i.xTaskPriorityDisinherit) refers to list.o(i.vListInsertEnd) for vListInsertEnd
    tasks_1.o(i.xTaskPriorityDisinherit) refers to tasks_1.o(.data) for pxCurrentTCB
    tasks_1.o(i.xTaskPriorityDisinherit) refers to tasks_1.o(.bss) for pxReadyTasksLists
    tasks_1.o(i.xTaskPriorityInherit) refers to list.o(i.uxListRemove) for uxListRemove
    tasks_1.o(i.xTaskPriorityInherit) refers to list.o(i.vListInsertEnd) for vListInsertEnd
    tasks_1.o(i.xTaskPriorityInherit) refers to tasks_1.o(.data) for pxCurrentTCB
    tasks_1.o(i.xTaskPriorityInherit) refers to tasks_1.o(.bss) for pxReadyTasksLists
    tasks_1.o(i.xTaskRemoveFromEventList) refers to list.o(i.uxListRemove) for uxListRemove
    tasks_1.o(i.xTaskRemoveFromEventList) refers to list.o(i.vListInsertEnd) for vListInsertEnd
    tasks_1.o(i.xTaskRemoveFromEventList) refers to tasks_1.o(i.prvResetNextTaskUnblockTime) for prvResetNextTaskUnblockTime
    tasks_1.o(i.xTaskRemoveFromEventList) refers to tasks_1.o(.data) for uxSchedulerSuspended
    tasks_1.o(i.xTaskRemoveFromEventList) refers to tasks_1.o(.bss) for pxReadyTasksLists
    tasks_1.o(i.xTaskResumeAll) refers to port.o(i.vPortEnterCritical) for vPortEnterCritical
    tasks_1.o(i.xTaskResumeAll) refers to list.o(i.uxListRemove) for uxListRemove
    tasks_1.o(i.xTaskResumeAll) refers to list.o(i.vListInsertEnd) for vListInsertEnd
    tasks_1.o(i.xTaskResumeAll) refers to tasks_1.o(i.prvResetNextTaskUnblockTime) for prvResetNextTaskUnblockTime
    tasks_1.o(i.xTaskResumeAll) refers to tasks_1.o(i.xTaskIncrementTick) for xTaskIncrementTick
    tasks_1.o(i.xTaskResumeAll) refers to port.o(i.vPortExitCritical) for vPortExitCritical
    tasks_1.o(i.xTaskResumeAll) refers to tasks_1.o(.data) for uxSchedulerSuspended
    tasks_1.o(i.xTaskResumeAll) refers to tasks_1.o(.bss) for xPendingReadyList
    tasks_1.o(i.xTaskResumeFromISR) refers to port.o(i.vPortValidateInterruptPriority) for vPortValidateInterruptPriority
    tasks_1.o(i.xTaskResumeFromISR) refers to tasks_1.o(i.prvTaskIsTaskSuspended) for prvTaskIsTaskSuspended
    tasks_1.o(i.xTaskResumeFromISR) refers to list.o(i.uxListRemove) for uxListRemove
    tasks_1.o(i.xTaskResumeFromISR) refers to list.o(i.vListInsertEnd) for vListInsertEnd
    tasks_1.o(i.xTaskResumeFromISR) refers to tasks_1.o(.data) for uxSchedulerSuspended
    tasks_1.o(i.xTaskResumeFromISR) refers to tasks_1.o(.bss) for pxReadyTasksLists
    timers.o(i.prvCheckForValidListAndQueue) refers to port.o(i.vPortEnterCritical) for vPortEnterCritical
    timers.o(i.prvCheckForValidListAndQueue) refers to list.o(i.vListInitialise) for vListInitialise
    timers.o(i.prvCheckForValidListAndQueue) refers to queue.o(i.xQueueGenericCreate) for xQueueGenericCreate
    timers.o(i.prvCheckForValidListAndQueue) refers to port.o(i.vPortExitCritical) for vPortExitCritical
    timers.o(i.prvCheckForValidListAndQueue) refers to timers.o(.data) for xTimerQueue
    timers.o(i.prvCheckForValidListAndQueue) refers to timers.o(.bss) for xActiveTimerList1
    timers.o(i.prvGetNextExpireTime) refers to timers.o(.data) for pxCurrentTimerList
    timers.o(i.prvInitialiseNewTimer) refers to timers.o(i.prvCheckForValidListAndQueue) for prvCheckForValidListAndQueue
    timers.o(i.prvInitialiseNewTimer) refers to list.o(i.vListInitialiseItem) for vListInitialiseItem
    timers.o(i.prvInsertTimerInActiveList) refers to list.o(i.vListInsert) for vListInsert
    timers.o(i.prvInsertTimerInActiveList) refers to timers.o(.data) for pxOverflowTimerList
    timers.o(i.prvProcessExpiredTimer) refers to list.o(i.uxListRemove) for uxListRemove
    timers.o(i.prvProcessExpiredTimer) refers to timers.o(i.prvInsertTimerInActiveList) for prvInsertTimerInActiveList
    timers.o(i.prvProcessExpiredTimer) refers to timers.o(i.xTimerGenericCommand) for xTimerGenericCommand
    timers.o(i.prvProcessExpiredTimer) refers to timers.o(.data) for pxCurrentTimerList
    timers.o(i.prvProcessReceivedCommands) refers to list.o(i.uxListRemove) for uxListRemove
    timers.o(i.prvProcessReceivedCommands) refers to timers.o(i.prvSampleTimeNow) for prvSampleTimeNow
    timers.o(i.prvProcessReceivedCommands) refers to timers.o(i.prvInsertTimerInActiveList) for prvInsertTimerInActiveList
    timers.o(i.prvProcessReceivedCommands) refers to timers.o(i.xTimerGenericCommand) for xTimerGenericCommand
    timers.o(i.prvProcessReceivedCommands) refers to heap_1.o(i.vPortFree) for vPortFree
    timers.o(i.prvProcessReceivedCommands) refers to queue.o(i.xQueueReceive) for xQueueReceive
    timers.o(i.prvProcessReceivedCommands) refers to timers.o(.data) for xTimerQueue
    timers.o(i.prvProcessTimerOrBlockTask) refers to tasks_1.o(i.vTaskSuspendAll) for vTaskSuspendAll
    timers.o(i.prvProcessTimerOrBlockTask) refers to timers.o(i.prvSampleTimeNow) for prvSampleTimeNow
    timers.o(i.prvProcessTimerOrBlockTask) refers to tasks_1.o(i.xTaskResumeAll) for xTaskResumeAll
    timers.o(i.prvProcessTimerOrBlockTask) refers to timers.o(i.prvProcessExpiredTimer) for prvProcessExpiredTimer
    timers.o(i.prvProcessTimerOrBlockTask) refers to queue.o(i.vQueueWaitForMessageRestricted) for vQueueWaitForMessageRestricted
    timers.o(i.prvProcessTimerOrBlockTask) refers to timers.o(.data) for pxOverflowTimerList
    timers.o(i.prvSampleTimeNow) refers to tasks_1.o(i.xTaskGetTickCount) for xTaskGetTickCount
    timers.o(i.prvSampleTimeNow) refers to timers.o(i.prvSwitchTimerLists) for prvSwitchTimerLists
    timers.o(i.prvSampleTimeNow) refers to timers.o(.data) for xLastTime
    timers.o(i.prvSwitchTimerLists) refers to list.o(i.uxListRemove) for uxListRemove
    timers.o(i.prvSwitchTimerLists) refers to list.o(i.vListInsert) for vListInsert
    timers.o(i.prvSwitchTimerLists) refers to timers.o(i.xTimerGenericCommand) for xTimerGenericCommand
    timers.o(i.prvSwitchTimerLists) refers to timers.o(.data) for pxCurrentTimerList
    timers.o(i.prvTimerTask) refers to timers.o(i.prvGetNextExpireTime) for prvGetNextExpireTime
    timers.o(i.prvTimerTask) refers to timers.o(i.prvProcessTimerOrBlockTask) for prvProcessTimerOrBlockTask
    timers.o(i.prvTimerTask) refers to timers.o(i.prvProcessReceivedCommands) for prvProcessReceivedCommands
    timers.o(i.pvTimerGetTimerID) refers to port.o(i.vPortEnterCritical) for vPortEnterCritical
    timers.o(i.pvTimerGetTimerID) refers to port.o(i.vPortExitCritical) for vPortExitCritical
    timers.o(i.vTimerSetReloadMode) refers to port.o(i.vPortEnterCritical) for vPortEnterCritical
    timers.o(i.vTimerSetReloadMode) refers to port.o(i.vPortExitCritical) for vPortExitCritical
    timers.o(i.vTimerSetTimerID) refers to port.o(i.vPortEnterCritical) for vPortEnterCritical
    timers.o(i.vTimerSetTimerID) refers to port.o(i.vPortExitCritical) for vPortExitCritical
    timers.o(i.xTimerCreate) refers to heap_1.o(i.pvPortMalloc) for pvPortMalloc
    timers.o(i.xTimerCreate) refers to timers.o(i.prvInitialiseNewTimer) for prvInitialiseNewTimer
    timers.o(i.xTimerCreateTimerTask) refers to timers.o(i.prvCheckForValidListAndQueue) for prvCheckForValidListAndQueue
    timers.o(i.xTimerCreateTimerTask) refers to tasks_1.o(i.xTaskCreate) for xTaskCreate
    timers.o(i.xTimerCreateTimerTask) refers to timers.o(.data) for xTimerQueue
    timers.o(i.xTimerCreateTimerTask) refers to timers.o(i.prvTimerTask) for prvTimerTask
    timers.o(i.xTimerGenericCommand) refers to tasks_1.o(i.xTaskGetSchedulerState) for xTaskGetSchedulerState
    timers.o(i.xTimerGenericCommand) refers to queue.o(i.xQueueGenericSend) for xQueueGenericSend
    timers.o(i.xTimerGenericCommand) refers to queue.o(i.xQueueGenericSendFromISR) for xQueueGenericSendFromISR
    timers.o(i.xTimerGenericCommand) refers to timers.o(.data) for xTimerQueue
    timers.o(i.xTimerGetTimerDaemonTaskHandle) refers to timers.o(.data) for xTimerTaskHandle
    timers.o(i.xTimerIsTimerActive) refers to port.o(i.vPortEnterCritical) for vPortEnterCritical
    timers.o(i.xTimerIsTimerActive) refers to port.o(i.vPortExitCritical) for vPortExitCritical
    timers.o(i.xTimerPendFunctionCall) refers to queue.o(i.xQueueGenericSend) for xQueueGenericSend
    timers.o(i.xTimerPendFunctionCall) refers to timers.o(.data) for xTimerQueue
    timers.o(i.xTimerPendFunctionCallFromISR) refers to queue.o(i.xQueueGenericSendFromISR) for xQueueGenericSendFromISR
    timers.o(i.xTimerPendFunctionCallFromISR) refers to timers.o(.data) for xTimerQueue
    abort.o(.text) refers to defsig_abrt_outer.o(.text) for __rt_SIGABRT
    abort.o(.text) refers (Weak) to libshutdown.o(.ARM.Collect$$libshutdown$$00000000) for __rt_lib_shutdown
    abort.o(.text) refers to sys_exit.o(.text) for _sys_exit
    rt_memcpy_v6.o(.text) refers to rt_memcpy_w.o(.text) for __aeabi_memcpy4
    aeabi_memset.o(.text) refers to rt_memclr.o(.text) for _memset
    __main.o(!!!main) refers to __rtentry.o(.ARM.Collect$$rtentry$$00000000) for __rt_entry
    daddsub_clz.o(x$fpl$dadd) refers (Special) to usenofp.o(x$fpl$usenofp) for __I$use$fp
    daddsub_clz.o(x$fpl$dadd) refers to daddsub_clz.o(x$fpl$dsub) for _dsub1
    daddsub_clz.o(x$fpl$dadd) refers to dretinf.o(x$fpl$dretinf) for __fpl_dretinf
    daddsub_clz.o(x$fpl$dadd) refers to dnaninf.o(x$fpl$dnaninf) for __fpl_dnaninf
    daddsub_clz.o(x$fpl$drsb) refers (Special) to usenofp.o(x$fpl$usenofp) for __I$use$fp
    daddsub_clz.o(x$fpl$drsb) refers to daddsub_clz.o(x$fpl$dadd) for _dadd1
    daddsub_clz.o(x$fpl$drsb) refers to daddsub_clz.o(x$fpl$dsub) for _dsub1
    daddsub_clz.o(x$fpl$dsub) refers (Special) to usenofp.o(x$fpl$usenofp) for __I$use$fp
    daddsub_clz.o(x$fpl$dsub) refers to daddsub_clz.o(x$fpl$dadd) for _dadd1
    daddsub_clz.o(x$fpl$dsub) refers to dnaninf.o(x$fpl$dnaninf) for __fpl_dnaninf
    dfixu.o(x$fpl$dfixu) refers (Special) to usenofp.o(x$fpl$usenofp) for __I$use$fp
    dfixu.o(x$fpl$dfixu) refers to dnaninf.o(x$fpl$dnaninf) for __fpl_dnaninf
    dfixu.o(x$fpl$dfixur) refers (Special) to usenofp.o(x$fpl$usenofp) for __I$use$fp
    dfixu.o(x$fpl$dfixur) refers to dnaninf.o(x$fpl$dnaninf) for __fpl_dnaninf
    dflt_clz.o(x$fpl$dfltu) refers (Special) to usenofp.o(x$fpl$usenofp) for __I$use$fp
    dflt_clz.o(x$fpl$dflt) refers (Special) to usenofp.o(x$fpl$usenofp) for __I$use$fp
    dflt_clz.o(x$fpl$dfltn) refers (Special) to usenofp.o(x$fpl$usenofp) for __I$use$fp
    dmul.o(x$fpl$dmul) refers (Special) to usenofp.o(x$fpl$usenofp) for __I$use$fp
    dmul.o(x$fpl$dmul) refers to dretinf.o(x$fpl$dretinf) for __fpl_dretinf
    dmul.o(x$fpl$dmul) refers to dnaninf.o(x$fpl$dnaninf) for __fpl_dnaninf
    sys_exit.o(.text) refers (Special) to use_no_semi.o(.text) for __I$use$semihosting
    sys_exit.o(.text) refers (Special) to indicate_semi.o(.text) for __semihosting_library_function
    __rtentry.o(.ARM.Collect$$rtentry$$00000000) refers (Special) to __rtentry2.o(.ARM.Collect$$rtentry$$0000000A) for __rt_entry_li
    __rtentry.o(.ARM.Collect$$rtentry$$00000000) refers (Special) to __rtentry2.o(.ARM.Collect$$rtentry$$0000000D) for __rt_entry_main
    __rtentry.o(.ARM.Collect$$rtentry$$00000000) refers (Special) to __rtentry2.o(.ARM.Collect$$rtentry$$0000000C) for __rt_entry_postli_1
    __rtentry.o(.ARM.Collect$$rtentry$$00000000) refers (Special) to __rtentry2.o(.ARM.Collect$$rtentry$$00000009) for __rt_entry_postsh_1
    __rtentry.o(.ARM.Collect$$rtentry$$00000000) refers (Special) to __rtentry2.o(.ARM.Collect$$rtentry$$00000002) for __rt_entry_presh_1
    __rtentry.o(.ARM.Collect$$rtentry$$00000000) refers (Special) to __rtentry4.o(.ARM.Collect$$rtentry$$00000004) for __rt_entry_sh
    defsig_abrt_outer.o(.text) refers to defsig_abrt_inner.o(.text) for __rt_SIGABRT_inner
    defsig_abrt_outer.o(.text) refers to defsig_exit.o(.text) for __sig_exit
    defsig_abrt_formal.o(.text) refers to rt_raise.o(.text) for __rt_raise
    rt_memclr.o(.text) refers to rt_memclr_w.o(.text) for _memset_w
    dnaninf.o(x$fpl$dnaninf) refers (Special) to usenofp.o(x$fpl$usenofp) for __I$use$fp
    dretinf.o(x$fpl$dretinf) refers (Special) to usenofp.o(x$fpl$usenofp) for __I$use$fp
    __rtentry2.o(.ARM.Collect$$rtentry$$00000008) refers to boardinit2.o(.text) for _platform_post_stackheap_init
    __rtentry2.o(.ARM.Collect$$rtentry$$0000000A) refers to libinit.o(.ARM.Collect$$libinit$$00000000) for __rt_lib_init
    __rtentry2.o(.ARM.Collect$$rtentry$$0000000B) refers to boardinit3.o(.text) for _platform_post_lib_init
    __rtentry2.o(.ARM.Collect$$rtentry$$0000000D) refers to main.o(i.main) for main
    __rtentry2.o(.ARM.Collect$$rtentry$$0000000D) refers to exit.o(.text) for exit
    __rtentry2.o(.ARM.exidx) refers to __rtentry2.o(.ARM.Collect$$rtentry$$00000001) for .ARM.Collect$$rtentry$$00000001
    __rtentry2.o(.ARM.exidx) refers to __rtentry2.o(.ARM.Collect$$rtentry$$00000008) for .ARM.Collect$$rtentry$$00000008
    __rtentry2.o(.ARM.exidx) refers to __rtentry2.o(.ARM.Collect$$rtentry$$0000000A) for .ARM.Collect$$rtentry$$0000000A
    __rtentry2.o(.ARM.exidx) refers to __rtentry2.o(.ARM.Collect$$rtentry$$0000000B) for .ARM.Collect$$rtentry$$0000000B
    __rtentry2.o(.ARM.exidx) refers to __rtentry2.o(.ARM.Collect$$rtentry$$0000000D) for .ARM.Collect$$rtentry$$0000000D
    __rtentry4.o(.ARM.Collect$$rtentry$$00000004) refers to sys_stackheap_outer.o(.text) for __user_setup_stackheap
    __rtentry4.o(.ARM.exidx) refers to __rtentry4.o(.ARM.Collect$$rtentry$$00000004) for .ARM.Collect$$rtentry$$00000004
    rt_raise.o(.text) refers to __raise.o(.text) for __raise
    rt_raise.o(.text) refers to sys_exit.o(.text) for _sys_exit
    defsig_exit.o(.text) refers to sys_exit.o(.text) for _sys_exit
    defsig_abrt_inner.o(.text) refers to defsig_general.o(.text) for __default_signal_display
    sys_stackheap_outer.o(.text) refers to libspace.o(.text) for __user_perproc_libspace
    sys_stackheap_outer.o(.text) refers to startup_tm4c123.o(.text) for __user_initial_stackheap
    exit.o(.text) refers to rtexit.o(.ARM.Collect$$rtexit$$00000000) for __rt_exit
    __raise.o(.text) refers to defsig.o(CL$$defsig) for __default_signal_handler
    defsig_general.o(.text) refers to sys_wrch.o(.text) for _ttywrch
    libinit.o(.ARM.Collect$$libinit$$00000000) refers (Special) to libinit2.o(.ARM.Collect$$libinit$$0000002E) for __rt_lib_init_alloca_1
    libinit.o(.ARM.Collect$$libinit$$00000000) refers (Special) to libinit2.o(.ARM.Collect$$libinit$$0000002C) for __rt_lib_init_argv_1
    libinit.o(.ARM.Collect$$libinit$$00000000) refers (Special) to libinit2.o(.ARM.Collect$$libinit$$0000001B) for __rt_lib_init_atexit_1
    libinit.o(.ARM.Collect$$libinit$$00000000) refers (Special) to libinit2.o(.ARM.Collect$$libinit$$00000021) for __rt_lib_init_clock_1
    libinit.o(.ARM.Collect$$libinit$$00000000) refers (Special) to libinit2.o(.ARM.Collect$$libinit$$00000032) for __rt_lib_init_cpp_1
    libinit.o(.ARM.Collect$$libinit$$00000000) refers (Special) to libinit2.o(.ARM.Collect$$libinit$$00000030) for __rt_lib_init_exceptions_1
    libinit.o(.ARM.Collect$$libinit$$00000000) refers (Special) to libinit2.o(.ARM.Collect$$libinit$$00000001) for __rt_lib_init_fp_1
    libinit.o(.ARM.Collect$$libinit$$00000000) refers (Special) to libinit2.o(.ARM.Collect$$libinit$$0000001F) for __rt_lib_init_fp_trap_1
    libinit.o(.ARM.Collect$$libinit$$00000000) refers (Special) to libinit2.o(.ARM.Collect$$libinit$$00000023) for __rt_lib_init_getenv_1
    libinit.o(.ARM.Collect$$libinit$$00000000) refers (Special) to libinit2.o(.ARM.Collect$$libinit$$0000000A) for __rt_lib_init_heap_1
    libinit.o(.ARM.Collect$$libinit$$00000000) refers (Special) to libinit2.o(.ARM.Collect$$libinit$$00000011) for __rt_lib_init_lc_collate_1
    libinit.o(.ARM.Collect$$libinit$$00000000) refers (Special) to libinit2.o(.ARM.Collect$$libinit$$00000013) for __rt_lib_init_lc_ctype_1
    libinit.o(.ARM.Collect$$libinit$$00000000) refers (Special) to libinit2.o(.ARM.Collect$$libinit$$00000015) for __rt_lib_init_lc_monetary_1
    libinit.o(.ARM.Collect$$libinit$$00000000) refers (Special) to libinit2.o(.ARM.Collect$$libinit$$00000017) for __rt_lib_init_lc_numeric_1
    libinit.o(.ARM.Collect$$libinit$$00000000) refers (Special) to libinit2.o(.ARM.Collect$$libinit$$00000019) for __rt_lib_init_lc_time_1
    libinit.o(.ARM.Collect$$libinit$$00000000) refers (Special) to libinit2.o(.ARM.Collect$$libinit$$00000004) for __rt_lib_init_preinit_1
    libinit.o(.ARM.Collect$$libinit$$00000000) refers (Special) to libinit2.o(.ARM.Collect$$libinit$$0000000E) for __rt_lib_init_rand_1
    libinit.o(.ARM.Collect$$libinit$$00000000) refers (Special) to libinit2.o(.ARM.Collect$$libinit$$00000033) for __rt_lib_init_return
    libinit.o(.ARM.Collect$$libinit$$00000000) refers (Special) to libinit2.o(.ARM.Collect$$libinit$$0000001D) for __rt_lib_init_signal_1
    libinit.o(.ARM.Collect$$libinit$$00000000) refers (Special) to libinit2.o(.ARM.Collect$$libinit$$00000025) for __rt_lib_init_stdio_1
    libinit.o(.ARM.Collect$$libinit$$00000000) refers (Special) to libinit2.o(.ARM.Collect$$libinit$$0000000C) for __rt_lib_init_user_alloc_1
    sys_wrch.o(.text) refers (Special) to use_no_semi.o(.text) for __I$use$semihosting
    sys_wrch.o(.text) refers (Special) to indicate_semi.o(.text) for __semihosting_library_function
    libspace.o(.text) refers to libspace.o(.bss) for __libspace_start
    rtexit.o(.ARM.Collect$$rtexit$$00000000) refers (Special) to rtexit2.o(.ARM.Collect$$rtexit$$00000004) for __rt_exit_exit
    rtexit.o(.ARM.Collect$$rtexit$$00000000) refers (Special) to rtexit2.o(.ARM.Collect$$rtexit$$00000003) for __rt_exit_ls
    rtexit.o(.ARM.Collect$$rtexit$$00000000) refers (Special) to rtexit2.o(.ARM.Collect$$rtexit$$00000002) for __rt_exit_prels_1
    rtexit.o(.ARM.exidx) refers (Special) to rtexit2.o(.ARM.Collect$$rtexit$$00000004) for __rt_exit_exit
    rtexit.o(.ARM.exidx) refers (Special) to rtexit2.o(.ARM.Collect$$rtexit$$00000003) for __rt_exit_ls
    rtexit.o(.ARM.exidx) refers (Special) to rtexit2.o(.ARM.Collect$$rtexit$$00000002) for __rt_exit_prels_1
    rtexit.o(.ARM.exidx) refers to rtexit.o(.ARM.Collect$$rtexit$$00000000) for .ARM.Collect$$rtexit$$00000000
    defsig.o(CL$$defsig) refers to defsig_abrt_inner.o(.text) for __rt_SIGABRT_inner
    defsig.o(CL$$defsig) refers to defsig_rtmem_inner.o(.text) for __rt_SIGRTMEM_inner
    libinit2.o(.ARM.Collect$$libinit$$00000001) refers to fpinit.o(x$fpl$fpinit) for _fp_init
    libinit2.o(.ARM.Collect$$libinit$$00000010) refers to libinit2.o(.ARM.Collect$$libinit$$0000000F) for .ARM.Collect$$libinit$$0000000F
    libinit2.o(.ARM.Collect$$libinit$$00000012) refers to libinit2.o(.ARM.Collect$$libinit$$0000000F) for .ARM.Collect$$libinit$$0000000F
    libinit2.o(.ARM.Collect$$libinit$$00000014) refers to libinit2.o(.ARM.Collect$$libinit$$0000000F) for .ARM.Collect$$libinit$$0000000F
    libinit2.o(.ARM.Collect$$libinit$$00000016) refers to libinit2.o(.ARM.Collect$$libinit$$0000000F) for .ARM.Collect$$libinit$$0000000F
    libinit2.o(.ARM.Collect$$libinit$$00000018) refers to libinit2.o(.ARM.Collect$$libinit$$0000000F) for .ARM.Collect$$libinit$$0000000F
    libinit2.o(.ARM.Collect$$libinit$$00000026) refers to argv_veneer.o(.emb_text) for __ARM_argv_veneer
    libinit2.o(.ARM.Collect$$libinit$$00000027) refers to argv_veneer.o(.emb_text) for __ARM_argv_veneer
    rtexit2.o(.ARM.Collect$$rtexit$$00000003) refers to libshutdown.o(.ARM.Collect$$libshutdown$$00000000) for __rt_lib_shutdown
    rtexit2.o(.ARM.Collect$$rtexit$$00000004) refers to sys_exit.o(.text) for _sys_exit
    rtexit2.o(.ARM.exidx) refers to rtexit2.o(.ARM.Collect$$rtexit$$00000001) for .ARM.Collect$$rtexit$$00000001
    rtexit2.o(.ARM.exidx) refers to rtexit2.o(.ARM.Collect$$rtexit$$00000003) for .ARM.Collect$$rtexit$$00000003
    rtexit2.o(.ARM.exidx) refers to rtexit2.o(.ARM.Collect$$rtexit$$00000004) for .ARM.Collect$$rtexit$$00000004
    defsig_fpe_inner.o(.text) refers to defsig_general.o(.text) for __default_signal_display
    defsig_rtred_inner.o(.text) refers to defsig_general.o(.text) for __default_signal_display
    defsig_rtmem_inner.o(.text) refers to defsig_general.o(.text) for __default_signal_display
    defsig_stak_inner.o(.text) refers to defsig_general.o(.text) for __default_signal_display
    defsig_pvfn_inner.o(.text) refers to defsig_general.o(.text) for __default_signal_display
    defsig_cppl_inner.o(.text) refers to defsig_general.o(.text) for __default_signal_display
    defsig_segv_inner.o(.text) refers to defsig_general.o(.text) for __default_signal_display
    defsig_other.o(.text) refers to defsig_general.o(.text) for __default_signal_display
    argv_veneer.o(.emb_text) refers to no_argv.o(.text) for __ARM_get_argv
    _get_argv_nomalloc.o(.text) refers (Special) to hrguard.o(.text) for __heap_region$guard
    _get_argv_nomalloc.o(.text) refers to defsig_rtmem_outer.o(.text) for __rt_SIGRTMEM
    _get_argv_nomalloc.o(.text) refers to sys_command.o(.text) for _sys_command_string
    libshutdown.o(.ARM.Collect$$libshutdown$$00000000) refers (Special) to libshutdown2.o(.ARM.Collect$$libshutdown$$00000002) for __rt_lib_shutdown_cpp_1
    libshutdown.o(.ARM.Collect$$libshutdown$$00000000) refers (Special) to libshutdown2.o(.ARM.Collect$$libshutdown$$00000007) for __rt_lib_shutdown_fp_trap_1
    libshutdown.o(.ARM.Collect$$libshutdown$$00000000) refers (Special) to libshutdown2.o(.ARM.Collect$$libshutdown$$0000000F) for __rt_lib_shutdown_heap_1
    libshutdown.o(.ARM.Collect$$libshutdown$$00000000) refers (Special) to libshutdown2.o(.ARM.Collect$$libshutdown$$00000010) for __rt_lib_shutdown_return
    libshutdown.o(.ARM.Collect$$libshutdown$$00000000) refers (Special) to libshutdown2.o(.ARM.Collect$$libshutdown$$0000000A) for __rt_lib_shutdown_signal_1
    libshutdown.o(.ARM.Collect$$libshutdown$$00000000) refers (Special) to libshutdown2.o(.ARM.Collect$$libshutdown$$00000004) for __rt_lib_shutdown_stdio_1
    libshutdown.o(.ARM.Collect$$libshutdown$$00000000) refers (Special) to libshutdown2.o(.ARM.Collect$$libshutdown$$0000000C) for __rt_lib_shutdown_user_alloc_1
    sys_command.o(.text) refers (Special) to use_no_semi.o(.text) for __I$use$semihosting
    sys_command.o(.text) refers (Special) to indicate_semi.o(.text) for __semihosting_library_function
    defsig_rtmem_outer.o(.text) refers to defsig_rtmem_inner.o(.text) for __rt_SIGRTMEM_inner
    defsig_rtmem_outer.o(.text) refers to defsig_exit.o(.text) for __sig_exit
    defsig_rtmem_formal.o(.text) refers to rt_raise.o(.text) for __rt_raise

