Component: ARM Compiler 5.06 update 6 (build 750) Tool: armlink [4d35ed]

==============================================================================

Section Cross References

    main.o(i.GPIOB_Handler) refers to hal_gpio.o(i.GPIO_DisarmInterrupt) for GPIO_DisarmInterrupt
    main.o(i.GPIOB_Handler) refers to tasks_1.o(i.vTaskDelay) for vTaskDelay
    main.o(i.GPIOB_Handler) refers to hal_gpio.o(i.GPIO_RearmInterrupt) for GPIO_RearmInterrupt
    main.o(i.GPIOB_Handler) refers to main.o(.constdata) for .constdata
    main.o(i.GPIOF_Interrupt) refers to hal_gpio.o(i.GPIO_DisarmInterrupt) for GPIO_DisarmInterrupt
    main.o(i.GPIOF_Interrupt) refers to tasks_1.o(i.vTaskDelay) for vTaskDelay
    main.o(i.GPIOF_Interrupt) refers to hal_gpio.o(i.GPIO_RearmInterrupt) for GPIO_RearmInterrupt
    main.o(i.GPIOF_Interrupt) refers to main.o(.constdata) for .constdata
    main.o(i.GPIO_PortE_Handler) refers to tasks_1.o(i.vTaskPrioritySet) for vTaskPrioritySet
    main.o(i.GPIO_PortE_Handler) refers to main.o(.data) for xTask3Handle
    main.o(i.main) refers to main.o(i.PortF_Init) for PortF_Init
    main.o(i.main) refers to main.o(i.PortB_Init) for PortB_Init
    main.o(i.main) refers to tasks_1.o(i.xTaskCreate) for xTaskCreate
    main.o(i.main) refers to tasks_1.o(i.vTaskStartScheduler) for vTaskStartScheduler
    main.o(i.main) refers to main.o(.data) for tcross
    main.o(i.main) refers to main.o(i.vTask1) for vTask1
    main.o(i.main) refers to main.o(i.vTask2) for vTask2
    main.o(i.main) refers to main.o(i.vTask3) for vTask3
    main.o(i.main) refers to main.o(i.vTask4) for vTask4
    main.o(i.vTask1) refers to tasks_1.o(i.xTaskGetTickCount) for xTaskGetTickCount
    main.o(i.vTask1) refers to tasks_1.o(i.vTaskDelayUntil) for vTaskDelayUntil
    main.o(i.vTask1) refers to tasks_1.o(i.vTaskPrioritySet) for vTaskPrioritySet
    main.o(i.vTask1) refers to main.o(.data) for xLastWakeTime1
    main.o(i.vTask2) refers to tasks_1.o(i.xTaskGetTickCount) for xTaskGetTickCount
    main.o(i.vTask2) refers to tasks_1.o(i.vTaskDelayUntil) for vTaskDelayUntil
    main.o(i.vTask2) refers to tasks_1.o(i.vTaskPrioritySet) for vTaskPrioritySet
    main.o(i.vTask2) refers to main.o(.data) for xLastWakeTime2
    main.o(i.vTask3) refers to tasks_1.o(i.vTaskPrioritySet) for vTaskPrioritySet
    main.o(i.vTask4) refers to tasks_1.o(i.vTaskDelay) for vTaskDelay
    tasks.o(i.GPIOB_Handler) refers to hal_gpio.o(i.GPIO_DisarmInterrupt) for GPIO_DisarmInterrupt
    tasks.o(i.GPIOB_Handler) refers to tasks_1.o(i.vTaskDelay) for vTaskDelay
    tasks.o(i.GPIOB_Handler) refers to hal_gpio.o(i.GPIO_RearmInterrupt) for GPIO_RearmInterrupt
    tasks.o(i.GPIOB_Handler) refers to tasks.o(.constdata) for .constdata
    tasks.o(i.GPIOF_Interrupt) refers to hal_gpio.o(i.GPIO_DisarmInterrupt) for GPIO_DisarmInterrupt
    tasks.o(i.GPIOF_Interrupt) refers to tasks_1.o(i.vTaskDelay) for vTaskDelay
    tasks.o(i.GPIOF_Interrupt) refers to hal_gpio.o(i.GPIO_RearmInterrupt) for GPIO_RearmInterrupt
    tasks.o(i.GPIOF_Interrupt) refers to tasks.o(.constdata) for .constdata
    tasks.o(i.GPIO_PortE_Handler) refers to tasks_1.o(i.vTaskPrioritySet) for vTaskPrioritySet
    tasks.o(i.GPIO_PortE_Handler) refers to tasks.o(.data) for xTask3Handle
    tasks.o(i.vTask1) refers to tasks_1.o(i.xTaskGetTickCount) for xTaskGetTickCount
    tasks.o(i.vTask1) refers to tasks_1.o(i.vTaskDelayUntil) for vTaskDelayUntil
    tasks.o(i.vTask1) refers to tasks_1.o(i.vTaskPrioritySet) for vTaskPrioritySet
    tasks.o(i.vTask1) refers to tasks.o(.data) for xLastWakeTime1
    tasks.o(i.vTask2) refers to tasks_1.o(i.xTaskGetTickCount) for xTaskGetTickCount
    tasks.o(i.vTask2) refers to tasks_1.o(i.vTaskDelayUntil) for vTaskDelayUntil
    tasks.o(i.vTask2) refers to tasks_1.o(i.vTaskPrioritySet) for vTaskPrioritySet
    tasks.o(i.vTask2) refers to tasks.o(.data) for xLastWakeTime2
    tasks.o(i.vTask3) refers to tasks_1.o(i.vTaskPrioritySet) for vTaskPrioritySet
    tasks.o(i.vTask4) refers to tasks_1.o(i.vTaskDelay) for vTaskDelay
    init.o(i.GPIOB_Handler) refers to hal_gpio.o(i.GPIO_DisarmInterrupt) for GPIO_DisarmInterrupt
    init.o(i.GPIOB_Handler) refers to tasks_1.o(i.vTaskDelay) for vTaskDelay
    init.o(i.GPIOB_Handler) refers to hal_gpio.o(i.GPIO_RearmInterrupt) for GPIO_RearmInterrupt
    init.o(i.GPIOB_Handler) refers to init.o(.constdata) for .constdata
    init.o(i.GPIO_PortE_Handler) refers to tasks_1.o(i.vTaskPrioritySet) for vTaskPrioritySet
    init.o(i.GPIO_PortE_Handler) refers to init.o(.data) for xTask3Handle
    hal_adc.o(i.ADC_Enable) refers to hal_gpio.o(i.GPIO_EnableAltAnalog) for GPIO_EnableAltAnalog
    hal_adc.o(i.ADC_Enable) refers to abort.o(.text) for abort
    hal_adc.o(i.ADC_Enable) refers to hal_adc.o(.data) for ADCBaseAddress
    hal_adc.o(i.ADC_Sample) refers to hal_adc.o(.data) for ADCBaseAddress
    hal_flash.o(i.Flash_Enable) refers to hal_flash.o(.data) for flashKey_
[...]
    Removing main.o(i.PortE_Init), (208 bytes).
    Removing main.o(i.interupt_init), (100 bytes).
    Removing main.o(.constdata), (14 bytes).
    Removing tasks.o(i.GPIOB_Handler), (108 bytes).
    Removing tasks.o(i.GPIOF_Interrupt), (116 bytes).
    Removing tasks.o(i.GPIO_PortE_Handler), (28 bytes).
    Removing tasks.o(i.PWM_Init), (160 bytes).
    Removing tasks.o(i.PortB_Init), (252 bytes).
    Removing tasks.o(i.PortE_Init), (208 bytes).
    Removing tasks.o(i.PortF_Init), (100 bytes).
    Removing tasks.o(i.interupt_init), (100 bytes).
    Removing tasks.o(i.vTask1), (160 bytes).
    Removing tasks.o(i.vTask2), (160 bytes).
    Removing tasks.o(i.vTask3), (120 bytes).
    Removing tasks.o(i.vTask4), (104 bytes).
    Removing tasks.o(.constdata), (14 bytes).
    Removing tasks.o(.data), (36 bytes).
    Removing init.o(i.GPIOB_Handler), (108 bytes).
    Removing init.o(i.GPIO_PortE_Handler), (28 bytes).
    Removing init.o(i.PWM_Init), (160 bytes).
    Removing init.o(i.PortB_Init), (252 bytes).
    Removing init.o(i.PortE_Init), (208 bytes).
    Removing init.o(i.PortF_Init), (100 bytes).
    Removing init.o(.constdata), (6 bytes).
    Removing init.o(.data), (36 bytes).
    Removing hal_adc.o(i.ADC_Enable), (184 bytes).
    Removing hal_adc.o(i.ADC_Sample), (52 bytes).
    Removing hal_adc.o(.data), (8 bytes).
    Removing hal_flash.o(i.Flash_Enable), (40 bytes).
    Removing hal_flash.o(i.Flash_Erase), (96 bytes).
    Removing hal_flash.o(i.Flash_Read), (26 bytes).
    Removing hal_flash.o(i.Flash_Write), (120 bytes).
    Removing hal_flash.o(.data), (2 bytes).
    Removing hal_gpio.o(i.GPIO_DisarmInterrupt), (48 bytes).
    Removing hal_gpio.o(i.GPIO_EnableAltAnalog), (68 bytes).
    Removing hal_gpio.o(i.GPIO_EnableAltDigital), (104 bytes).
    Removing hal_gpio.o(i.GPIO_EnableDI), (152 bytes).
    Removing hal_gpio.o(i.GPIO_EnableDO), (216 bytes).
    Removing hal_gpio.o(i.GPIO_EnableInterrupt), (268 bytes).
    Removing hal_gpio.o(i.GPIO_GetBitBandIOAddress), (52 bytes).
    Removing hal_gpio.o(i.GPIO_InitPort), (48 bytes).
    Removing hal_gpio.o(i.GPIO_PortFHandler), (28 bytes).
    Removing hal_gpio.o(i.GPIO_RearmInterrupt), (48 bytes).
    Removing hal_gpio.o(i.GetPinNumber), (28 bytes).
    Removing hal_gpio.o(i.HandleInterrupt), (38 bytes).
    Removing hal_gpio.o(.data), (28 bytes).
    Removing hal_nvic.o(i.NVIC_DisableIRQ), (52 bytes).
    Removing hal_nvic.o(i.NVIC_EnableIRQ), (68 bytes).
    Removing hal_nvic.o(i.SetPriority), (56 bytes).
    Removing hal_pll.o(i.PLL_GetBusClockFreq), (12 bytes).
    Removing hal_pll.o(i.PLL_Init80MHz), (128 bytes).
    Removing hal_pll.o(.data), (4 bytes).
    Removing hal_pwm.o(i.PWM_Configure), (160 bytes).
    Removing hal_pwm.o(i.PWM_Disable), (24 bytes).
    Removing hal_pwm.o(i.PWM_Enable), (24 bytes).
    Removing hal_pwm.o(i.PWM_SetClockDivisor), (100 bytes).
    Removing hal_pwm.o(i.PWM_SetDuty), (68 bytes).
    Removing hal_pwm.o(.data), (8 bytes).
    Removing hal_spi.o(i.SPI_Enable), (136 bytes).
    Removing hal_spi.o(i.SPI_Write), (40 bytes).
    Removing hal_spi.o(.data), (16 bytes).
    Removing hal_systick.o(i.SysTick_Init), (144 bytes).
    Removing hal_systick.o(i.SysTick_Wait), (30 bytes).
    Removing hal_systick.o(i.SysTick_Wait10ms), (28 bytes).
    Removing hal_systick.o(i.SysTick_Wait10us), (28 bytes).
    Removing hal_systick.o(.data), (8 bytes).
    Removing hal_timer.o(i.TimerHandler), (38 bytes).
    Removing hal_timer.o(i.Timer_EnableInputCounter), (76 bytes).
    Removing hal_timer.o(i.Timer_EnableTimerPeriodic), (180 bytes).
    Removing hal_timer.o(i.Timer_ReadCounterValue), (32 bytes).
    Removing hal_timer.o(i.Timer_ResetInputCounter), (52 bytes).
    Removing hal_timer.o(i.Timer_Timer0Handler), (28 bytes).
    Removing hal_timer.o(i.Timer_Timer1Handler), (28 bytes).
    Removing hal_timer.o(i.Timer_Timer2Handler), (28 bytes).
    Removing hal_timer.o(.data), (36 bytes).
    Removing hal_uart.o(i.UART5Handler), (60 bytes).
    Removing hal_uart.o(i.UART_Enable), (196 bytes).
    Removing hal_uart.o(i.UART_EnableRxInterrupt), (96 bytes).
    Removing hal_uart.o(i.UART_ReadChar), (32 bytes).
    Removing hal_uart.o(i.UART_WriteChar), (28 bytes).
    Removing hal_uart.o(i.UART_WriteString), (26 bytes).
    Removing hal_uart.o(.data), (36 bytes).
    Removing system_tm4c123.o(.rev16_text), (4 bytes).
    Removing system_tm4c123.o(.revsh_text), (4 bytes).
    Removing system_tm4c123.o(.rrx_text), (6 bytes).
    Removing system_tm4c123.o(i.SystemCoreClockUpdate), (196 bytes).
    Removing system_tm4c123.o(i.getOscClk), (244 bytes).
    Removing heap_1.o(i.vPortInitialiseBlocks), (12 bytes).
    Removing heap_1.o(i.xPortGetFreeHeapSize), (16 bytes).
    Removing port.o(i.vPortEndScheduler), (48 bytes).
    Removing queue.o(i.prvGetDisinheritPriorityAfterTimeout), (20 bytes).
    Removing queue.o(i.prvInitialiseMutex), (30 bytes).
    Removing queue.o(i.ucQueueGetQueueType), (8 bytes).
    Removing queue.o(i.uxQueueGetQueueNumber), (6 bytes).
    Removing queue.o(i.uxQueueMessagesWaiting), (42 bytes).
    Removing queue.o(i.uxQueueMessagesWaitingFromISR), (34 bytes).
    Removing queue.o(i.uxQueueSpacesAvailable), (48 bytes).
    Removing queue.o(i.vQueueDelete), (38 bytes).
    Removing queue.o(i.vQueueSetQueueNumber), (4 bytes).
    Removing queue.o(i.xQueueAddToSet), (38 bytes).
    Removing queue.o(i.xQueueCreateCountingSemaphore), (92 bytes).
    Removing queue.o(i.xQueueCreateMutex), (34 bytes).
    Removing queue.o(i.xQueueCreateSet), (20 bytes).
    Removing queue.o(i.xQueueGetMutexHolder), (28 bytes).
    Removing queue.o(i.xQueueGetMutexHolderFromISR), (38 bytes).
    Removing queue.o(i.xQueueGiveFromISR), (246 bytes).
    Removing queue.o(i.xQueueGiveMutexRecursive), (72 bytes).
    Removing queue.o(i.xQueueIsQueueEmptyFromISR), (42 bytes).
    Removing queue.o(i.xQueueIsQueueFullFromISR), (46 bytes).
    Removing queue.o(i.xQueuePeek), (368 bytes).
    Removing queue.o(i.xQueuePeekFromISR), (176 bytes).
    Removing queue.o(i.xQueueReceiveFromISR), (202 bytes).
    Removing queue.o(i.xQueueRemoveFromSet), (48 bytes).
    Removing queue.o(i.xQueueSelectFromSet), (24 bytes).
    Removing queue.o(i.xQueueSelectFromSetFromISR), (22 bytes).
    Removing queue.o(i.xQueueSemaphoreTake), (440 bytes).
    Removing queue.o(i.xQueueTakeMutexRecursive), (78 bytes).
    Removing tasks_1.o(i.eTaskGetState), (148 bytes).
    Removing tasks_1.o(i.pcTaskGetName), (48 bytes).
    Removing tasks_1.o(i.prvListTasksWithinSingleList), (106 bytes).
    Removing tasks_1.o(i.prvSearchForNameWithinSingleList), (176 bytes).
    Removing tasks_1.o(i.prvTaskCheckFreeStackSpace), (22 bytes).
    Removing tasks_1.o(i.prvTaskIsTaskSuspended), (88 bytes).
    Removing tasks_1.o(i.pvTaskIncrementMutexHeldCount), (32 bytes).
    Removing tasks_1.o(i.ulTaskNotifyTake), (116 bytes).
    Removing tasks_1.o(i.uxTaskGetNumberOfTasks), (12 bytes).
    Removing tasks_1.o(i.uxTaskGetStackHighWaterMark), (40 bytes).
    Removing tasks_1.o(i.uxTaskGetStackHighWaterMark2), (40 bytes).
    Removing tasks_1.o(i.uxTaskGetSystemState), (176 bytes).
    Removing tasks_1.o(i.uxTaskGetTaskNumber), (14 bytes).
    Removing tasks_1.o(i.uxTaskPriorityGet), (36 bytes).
    Removing tasks_1.o(i.uxTaskPriorityGetFromISR), (68 bytes).
    Removing tasks_1.o(i.uxTaskResetEventItemValue), (28 bytes).
    Removing tasks_1.o(i.vTaskDelete), (244 bytes).
    Removing tasks_1.o(i.vTaskEndScheduler), (36 bytes).
    Removing tasks_1.o(i.vTaskGetInfo), (132 bytes).
    Removing tasks_1.o(i.vTaskNotifyGiveFromISR), (240 bytes).
    Removing tasks_1.o(i.vTaskPlaceOnUnorderedEventList), (108 bytes).
    Removing tasks_1.o(i.vTaskPriorityDisinheritAfterTimeout), (244 bytes).
    Removing tasks_1.o(i.vTaskRemoveFromUnorderedEventList), (164 bytes).
    Removing tasks_1.o(i.vTaskResume), (144 bytes).
    Removing tasks_1.o(i.vTaskSetTaskNumber), (8 bytes).
    Removing tasks_1.o(i.vTaskSetTimeOutState), (60 bytes).
    Removing tasks_1.o(i.vTaskSuspend), (244 bytes).
    Removing tasks_1.o(i.xTaskAbortDelay), (160 bytes).
    Removing tasks_1.o(i.xTaskGenericNotify), (300 bytes).
    Removing tasks_1.o(i.xTaskGenericNotifyFromISR), (360 bytes).
    Removing tasks_1.o(i.xTaskGetCurrentTaskHandle), (12 bytes).
    Removing tasks_1.o(i.xTaskGetHandle), (164 bytes).
    Removing tasks_1.o(i.xTaskGetIdleTaskHandle), (48 bytes).
    Removing tasks_1.o(i.xTaskGetTickCountFromISR), (20 bytes).
    Removing tasks_1.o(i.xTaskNotifyStateClear), (52 bytes).
    Removing tasks_1.o(i.xTaskNotifyWait), (160 bytes).
    Removing tasks_1.o(i.xTaskPriorityInherit), (200 bytes).
    Removing tasks_1.o(i.xTaskResumeFromISR), (180 bytes).
    Removing timers.o(i.pcTimerGetName), (32 bytes).
    Removing timers.o(i.prvInitialiseNewTimer), (90 bytes).
    Removing timers.o(i.pvTimerGetTimerID), (44 bytes).
    Removing timers.o(i.uxTimerGetTimerNumber), (6 bytes).
    Removing timers.o(i.vTimerSetReloadMode), (70 bytes).
    Removing timers.o(i.vTimerSetTimerID), (44 bytes).
    Removing timers.o(i.vTimerSetTimerNumber), (4 bytes).
    Removing timers.o(i.xTimerCreate), (54 bytes).
    Removing timers.o(i.xTimerGetExpiryTime), (34 bytes).
    Removing timers.o(i.xTimerGetPeriod), (32 bytes).
    Removing timers.o(i.xTimerGetTimerDaemonTaskHandle), (48 bytes).
    Removing timers.o(i.xTimerIsTimerActive), (58 bytes).
    Removing timers.o(i.xTimerPendFunctionCall), (80 bytes).
    Removing timers.o(i.xTimerPendFunctionCallFromISR), (52 bytes).

173 unused section(s) (total 14910 bytes) removed from the image.

==============================================================================

Image Symbol Table

    Local Symbols

    Symbol Name                              Value     Ov Type        Size  Object(Section)

    RESET                                    0x00000000   Section      620  startup_tm4c123.o(RESET)
    ../clib/angel/boardlib.s                 0x00000000   Number         0  boardinit3.o ABSOLUTE
    ../clib/angel/boardlib.s                 0x00000000   Number         0  boardshut.o ABSOLUTE
    ../clib/angel/boardlib.s                 0x00000000   Number         0  boardinit2.o ABSOLUTE
    ../clib/angel/boardlib.s                 0x00000000   Number         0  boardinit1.o ABSOLUTE
    ../clib/angel/handlers.s                 0x00000000   Number         0  __scatter_copy.o ABSOLUTE
    ../clib/angel/handlers.s                 0x00000000   Number         0  __scatter_zi.o ABSOLUTE
    ../clib/angel/kernel.s                   0x00000000   Number         0  rtexit.o ABSOLUTE
    ../clib/angel/kernel.s                   0x00000000   Number         0  __rtentry2.o ABSOLUTE
    ../clib/angel/kernel.s                   0x00000000   Number         0  rtexit2.o ABSOLUTE
    ../clib/angel/kernel.s                   0x00000000   Number         0  __rtentry.o ABSOLUTE
    ../clib/angel/kernel.s                   0x00000000   Number         0  __rtentry4.o ABSOLUTE
    ../clib/angel/rt.s                       0x00000000   Number         0  rt_raise.o ABSOLUTE
    ../clib/angel/scatter.s                  0x00000000   Number         0  __scatter.o ABSOLUTE
    ../clib/angel/startup.s                  0x00000000   Number         0  __main.o ABSOLUTE
    ../clib/angel/sys.s                      0x00000000   Number         0  libspace.o ABSOLUTE
    ../clib/angel/sys.s                      0x00000000   Number         0  use_no_semi.o ABSOLUTE
    ../clib/angel/sys.s                      0x00000000   Number         0  indicate_semi.o ABSOLUTE
    ../clib/angel/sys.s                      0x00000000   Number         0  sys_stackheap_outer.o ABSOLUTE
    ../clib/angel/sysapp.c                   0x00000000   Number         0  sys_wrch.o ABSOLUTE
    ../clib/angel/sysapp.c                   0x00000000   Number         0  sys_exit.o ABSOLUTE
    ../clib/angel/sysapp.c                   0x00000000   Number         0  sys_command.o ABSOLUTE
    ../clib/armsys.c                         0x00000000   Number         0  _get_argv_nomalloc.o ABSOLUTE
    ../clib/armsys.c                         0x00000000   Number         0  argv_veneer.o ABSOLUTE
    ../clib/armsys.c                         0x00000000   Number         0  argv_veneer.o ABSOLUTE
    ../clib/armsys.c                         0x00000000   Number         0  no_argv.o ABSOLUTE
    ../clib/heapalloc.c                      0x00000000   Number         0  hrguard.o ABSOLUTE
    ../clib/heapaux.c                        0x00000000   Number         0  heapauxi.o ABSOLUTE
    ../clib/libinit.s                        0x00000000   Number         0  libinit.o ABSOLUTE
    ../clib/libinit.s                        0x00000000   Number         0  libinit2.o ABSOLUTE
    ../clib/libinit.s                        0x00000000   Number         0  libshutdown2.o ABSOLUTE
    ../clib/libinit.s                        0x00000000   Number         0  libshutdown.o ABSOLUTE
    ../clib/memcpset.s                       0x00000000   Number         0  aeabi_memset.o ABSOLUTE
    ../clib/memcpset.s                       0x00000000   Number         0  rt_memcpy_w.o ABSOLUTE
    ../clib/memcpset.s                       0x00000000   Number         0  rt_memclr.o ABSOLUTE
    ../clib/memcpset.s                       0x00000000   Number         0  rt_memcpy_v6.o ABSOLUTE
    ../clib/memcpset.s                       0x00000000   Number         0  rt_memclr_w.o ABSOLUTE
    ../clib/signal.c                         0x00000000   Number         0  defsig_rtmem_outer.o ABSOLUTE
    ../clib/signal.c                         0x00000000   Number         0  defsig_rtmem_formal.o ABSOLUTE
    ../clib/signal.c                         0x00000000   Number         0  defsig_fpe_inner.o ABSOLUTE
    ../clib/signal.c                         0x00000000   Number         0  defsig_exit.o ABSOLUTE
    ../clib/signal.c                         0x00000000   Number         0  defsig_general.o ABSOLUTE
    ../clib/signal.c                         0x00000000   Number         0  defsig_other.o ABSOLUTE
    ../clib/signal.c                         0x00000000   Number         0  defsig_segv_inner.o ABSOLUTE
    ../clib/signal.c                         0x00000000   Number         0  defsig_cppl_inner.o ABSOLUTE
    ../clib/signal.c                         0x00000000   Number         0  defsig_pvfn_inner.o ABSOLUTE
    ../clib/signal.c                         0x00000000   Number         0  defsig_stak_inner.o ABSOLUTE
    ../clib/signal.c                         0x00000000   Number         0  defsig_rtmem_inner.o ABSOLUTE
    ../clib/signal.c                         0x00000000   Number         0  defsig_rtred_inner.o ABSOLUTE
    ../clib/signal.c                         0x00000000   Number         0  __raise.o ABSOLUTE
    ../clib/signal.c                         0x00000000   Number         0  defsig_abrt_inner.o ABSOLUTE
    ../clib/signal.c                         0x00000000   Number         0  defsig_abrt_formal.o ABSOLUTE
    ../clib/signal.c                         0x00000000   Number         0  defsig_abrt_outer.o ABSOLUTE
    ../clib/signal.s                         0x00000000   Number         0  defsig.o ABSOLUTE
    ../clib/stdlib.c                         0x00000000   Number         0  abort.o ABSOLUTE
    ../clib/stdlib.c                         0x00000000   Number         0  exit.o ABSOLUTE
    ../clib/string.c                         0x00000000   Number         0  strlen.o ABSOLUTE
    ../fplib/daddsub.s                       0x00000000   Number         0  daddsub_clz.o ABSOLUTE
    ../fplib/dfixu.s                         0x00000000   Number         0  dfixu.o ABSOLUTE
    ../fplib/dflt.s                          0x00000000   Number         0  dflt_clz.o ABSOLUTE
    ../fplib/dmul.s                          0x00000000   Number         0  dmul.o ABSOLUTE
    ../fplib/dnaninf.s                       0x00000000   Number         0  dnaninf.o ABSOLUTE
    ../fplib/dretinf.s                       0x00000000   Number         0  dretinf.o ABSOLUTE
    ../fplib/fpinit.s                        0x00000000   Number         0  fpinit.o ABSOLUTE
    ../fplib/usenofp.s                       0x00000000   Number         0  usenofp.o ABSOLUTE
    C:\Users\Nayer Ayad\AppData\Local\Arm\Packs\ARM\CMSIS-FreeRTOS\10.3.0\CMSIS\RTOS2\FreeRTOS\Source\freertos_evr.c 0x00000000   Number         0  freertos_evr.o ABSOLUTE
    C:\Users\Nayer Ayad\AppData\Local\Arm\Packs\ARM\CMSIS-FreeRTOS\10.3.0\Source\list.c 0x00000000   Number         0  list.o ABSOLUTE
    C:\Users\Nayer Ayad\AppData\Local\Arm\Packs\ARM\CMSIS-FreeRTOS\10.3.0\Source\portable\MemMang\heap_1.c 0x00000000   Number         0  heap_1.o ABSOLUTE
    C:\Users\Nayer Ayad\AppData\Local\Arm\Packs\ARM\CMSIS-FreeRTOS\10.3.0\Source\portable\RVDS\ARM_CM4F\port.c 0x00000000   Number         0  port.o ABSOLUTE
    C:\Users\Nayer Ayad\AppData\Local\Arm\Packs\ARM\CMSIS-FreeRTOS\10.3.0\Source\queue.c 0x00000000   Number         0  queue.o ABSOLUTE
    C:\Users\Nayer Ayad\AppData\Local\Arm\Packs\ARM\CMSIS-FreeRTOS\10.3.0\Source\tasks.c 0x00000000   Number         0  tasks_1.o ABSOLUTE
    C:\Users\Nayer Ayad\AppData\Local\Arm\Packs\ARM\CMSIS-FreeRTOS\10.3.0\Source\timers.c 0x00000000   Number         0  timers.o ABSOLUTE
    C:\\Users\\Nayer Ayad\\AppData\\Local\\Arm\\Packs\\ARM\\CMSIS-FreeRTOS\\10.3.0\\Source\\portable\\RVDS\\ARM_CM4F\\port.c 0x00000000   Number         0  port.o ABSOLUTE
    HAL_ADC.c                                0x00000000   Number         0  hal_adc.o ABSOLUTE
    HAL_Flash.c                              0x00000000   Number         0  hal_flash.o ABSOLUTE
    HAL_GPIO.c                               0x00000000   Number         0  hal_gpio.o ABSOLUTE
    HAL_NVIC.c                               0x00000000   Number         0  hal_nvic.o ABSOLUTE
    HAL_PLL.c                                0x00000000   Number         0  hal_pll.o ABSOLUTE
    HAL_PWM.c                                0x00000000   Number         0  hal_pwm.o ABSOLUTE
    HAL_SPI.c                                0x00000000   Number         0  hal_spi.o ABSOLUTE
    HAL_SysTick.c                            0x00000000   Number         0  hal_systick.o ABSOLUTE
    HAL_Timer.c                              0x00000000   Number         0  hal_timer.o ABSOLUTE
    HAL_UART.c                               0x00000000   Number         0  hal_uart.o ABSOLUTE
    RTE\Device\TM4C123GH6PM\startup_TM4C123.s 0x00000000   Number         0  startup_tm4c123.o ABSOLUTE
    RTE\Device\TM4C123GH6PM\system_TM4C123.c 0x00000000   Number         0  system_tm4c123.o ABSOLUTE
    RTE\\Device\\TM4C123GH6PM\\system_TM4C123.c 0x00000000   Number         0  system_tm4c123.o ABSOLUTE
    Tasks.c                                  0x00000000   Number         0  tasks.o ABSOLUTE
    dc.s                                     0x00000000   Number         0  dc.o ABSOLUTE
    init.c                                   0x00000000   Number         0  init.o ABSOLUTE
    main.c                                   0x00000000   Number         0  main.o ABSOLUTE
    !!!main                                  0x0000026c   Section        8  __main.o(!!!main)
    !!!scatter                               0x00000274   Section       52  __scatter.o(!!!scatter)
    !!handler_copy                           0x000002a8   Section       26  __scatter_copy.o(!!handler_copy)
    !!handler_zi                             0x000002c4   Section       28  __scatter_zi.o(!!handler_zi)
    .ARM.Collect$$libinit$$00000000          0x000002e0   Section        2  libinit.o(.ARM.Collect$$libinit$$00000000)
    .ARM.Collect$$libinit$$00000001          0x000002e2   Section        4  libinit2.o(.ARM.Collect$$libinit$$00000001)
    .ARM.Collect$$libinit$$00000004          0x000002e6   Section        0  libinit2.o(.ARM.Collect$$libinit$$00000004)
    .ARM.Collect$$libinit$$0000000A          0x000002e6   Section        0  libinit2.o(.ARM.Collect$$libinit$$0000000A)
    .ARM.Collect$$libinit$$0000000C          0x000002e6   Section        0  libinit2.o(.ARM.Collect$$libinit$$0000000C)
    .ARM.Collect$$libinit$$0000000E          0x000002e6   Section        0  libinit2.o(.ARM.Collect$$libinit$$0000000E)
    .ARM.Collect$$libinit$$00000011          0x000002e6   Section        0  libinit2.o(.ARM.Collect$$libinit$$00000011)
    .ARM.Collect$$libinit$$00000013          0x000002e6   Section        0  libinit2.o(.ARM.Collect$$libinit$$00000013)
    .ARM.Collect$$libinit$$00000015          0x000002e6   Section        0  libinit2.o(.ARM.Collect$$libinit$$00000015)
    .ARM.Collect$$libinit$$00000017          0x000002e6   Section        0  libinit2.o(.ARM.Collect$$libinit$$00000017)
    .ARM.Collect$$libinit$$00000019          0x000002e6   Section        0  libinit2.o(.ARM.Collect$$libinit$$00000019)
    .ARM.Collect$$libinit$$0000001B          0x000002e6   Section        0  libinit2.o(.ARM.Collect$$libinit$$0000001B)
    .ARM.Collect$$libinit$$0000001D          0x000002e6   Section        0  libinit2.o(.ARM.Collect$$libinit$$0000001D)
    .ARM.Collect$$libinit$$0000001F          0x000002e6   Section        0  libinit2.o(.ARM.Collect$$libinit$$0000001F)
    .ARM.Collect$$libinit$$00000021          0x000002e6   Section        0  libinit2.o(.ARM.Collect$$libinit$$00000021)
    .ARM.Collect$$libinit$$00000023          0x000002e6   Section        0  libinit2.o(.ARM.Collect$$libinit$$00000023)
    .ARM.Collect$$libinit$$00000025          0x000002e6   Section        0  libinit2.o(.ARM.Collect$$libinit$$00000025)
    .ARM.Collect$$libinit$$0000002C          0x000002e6   Section        0  libinit2.o(.ARM.Collect$$libinit$$0000002C)
    .ARM.Collect$$libinit$$0000002E          0x000002e6   Section        0  libinit2.o(.ARM.Collect$$libinit$$0000002E)
    .ARM.Collect$$libinit$$00000030          0x000002e6   Section        0  libinit2.o(.ARM.Collect$$libinit$$00000030)
    .ARM.Collect$$libinit$$00000032          0x000002e6   Section        0  libinit2.o(.ARM.Collect$$libinit$$00000032)
    .ARM.Collect$$libinit$$00000033          0x000002e6   Section        2  libinit2.o(.ARM.Collect$$libinit$$00000033)
    .ARM.Collect$$libshutdown$$00000000      0x000002e8   Section        2  libshutdown.o(.ARM.Collect$$libshutdown$$00000000)
    .ARM.Collect$$libshutdown$$00000002      0x000002ea   Section        0  libshutdown2.o(.ARM.Collect$$libshutdown$$00000002)
    .ARM.Collect$$libshutdown$$00000004      0x000002ea   Section        0  libshutdown2.o(.ARM.Collect$$libshutdown$$00000004)
    .ARM.Collect$$libshutdown$$00000007      0x000002ea   Section        0  libshutdown2.o(.ARM.Collect$$libshutdown$$00000007)
    .ARM.Collect$$libshutdown$$0000000A      0x000002ea   Section        0  libshutdown2.o(.ARM.Collect$$libshutdown$$0000000A)
    .ARM.Collect$$libshutdown$$0000000C      0x000002ea   Section        0  libshutdown2.o(.ARM.Collect$$libshutdown$$0000000C)
    .ARM.Collect$$libshutdown$$0000000F      0x000002ea   Section        0  libshutdown2.o(.ARM.Collect$$libshutdown$$0000000F)
    .ARM.Collect$$libshutdown$$00000010      0x000002ea   Section        2  libshutdown2.o(.ARM.Collect$$libshutdown$$00000010)
    .ARM.Collect$$rtentry$$00000000          0x000002ec   Section        0  __rtentry.o(.ARM.Collect$$rtentry$$00000000)
    .ARM.Collect$$rtentry$$00000002          0x000002ec   Section        0  __rtentry2.o(.ARM.Collect$$rtentry$$00000002)
    .ARM.Collect$$rtentry$$00000004          0x000002ec   Section        6  __rtentry4.o(.ARM.Collect$$rtentry$$00000004)
    .ARM.Collect$$rtentry$$00000009          0x000002f2   Section        0  __rtentry2.o(.ARM.Collect$$rtentry$$00000009)
    .ARM.Collect$$rtentry$$0000000A          0x000002f2   Section        4  __rtentry2.o(.ARM.Collect$$rtentry$$0000000A)
    .ARM.Collect$$rtentry$$0000000C          0x000002f6   Section        0  __rtentry2.o(.ARM.Collect$$rtentry$$0000000C)
    .ARM.Collect$$rtentry$$0000000D          0x000002f6   Section        8  __rtentry2.o(.ARM.Collect$$rtentry$$0000000D)
    .ARM.Collect$$rtexit$$00000000           0x000002fe   Section        2  rtexit.o(.ARM.Collect$$rtexit$$00000000)
    .ARM.Collect$$rtexit$$00000002           0x00000300   Section        0  rtexit2.o(.ARM.Collect$$rtexit$$00000002)
    .ARM.Collect$$rtexit$$00000003           0x00000300   Section        4  rtexit2.o(.ARM.Collect$$rtexit$$00000003)
    .ARM.Collect$$rtexit$$00000004           0x00000304   Section        6  rtexit2.o(.ARM.Collect$$rtexit$$00000004)
    .emb_text                                0x0000030c   Section      190  port.o(.emb_text)
    $v0                                      0x0000030c   Number         0  port.o(.emb_text)
    .text                                    0x000003cc   Section      276  startup_tm4c123.o(.text)
    $v0                                      0x000003cc   Number         0  startup_tm4c123.o(.text)
    .text                                    0x000004e0   Section      138  rt_memcpy_v6.o(.text)
    .text                                    0x0000056a   Section       16  aeabi_memset.o(.text)
    .text                                    0x0000057a   Section        0  heapauxi.o(.text)
    .text                                    0x00000580   Section        0  sys_exit.o(.text)
    .text                                    0x0000058c   Section      100  rt_memcpy_w.o(.text)
    .text                                    0x000005f0   Section       68  rt_memclr.o(.text)
    .text                                    0x00000634   Section        2  use_no_semi.o(.text)
    .text                                    0x00000636   Section        0  indicate_semi.o(.text)
    .text                                    0x00000636   Section       78  rt_memclr_w.o(.text)
    .text                                    0x00000684   Section       74  sys_stackheap_outer.o(.text)
    .text                                    0x000006ce   Section        0  exit.o(.text)
    .text                                    0x000006e0   Section        8  libspace.o(.text)
    i.PortB_Init                             0x000006e8   Section        0  main.o(i.PortB_Init)
    PortB_Init                               0x000006e9   Thumb Code   228  main.o(i.PortB_Init)
    i.PortF_Init                             0x000007e4   Section        0  main.o(i.PortF_Init)
    PortF_Init                               0x000007e5   Thumb Code    84  main.o(i.PortF_Init)
    i.SysTick_Handler                        0x00000848   Section        0  port.o(i.SysTick_Handler)
    i.SystemInit                             0x0000087c   Section        0  system_tm4c123.o(i.SystemInit)
    i.eTaskConfirmSleepModeStatus            0x00000914   Section        0  tasks_1.o(i.eTaskConfirmSleepModeStatus)
    i.main                                   0x00000950   Section        0  main.o(i.main)
    i.prvAddCurrentTaskToDelayedList         0x00000a08   Section        0  tasks_1.o(i.prvAddCurrentTaskToDelayedList)
    prvAddCurrentTaskToDelayedList           0x00000a09   Thumb Code   134  tasks_1.o(i.prvAddCurrentTaskToDelayedList)
    i.prvAddNewTaskToReadyList               0x00000aac   Section        0  tasks_1.o(i.prvAddNewTaskToReadyList)
    prvAddNewTaskToReadyList                 0x00000aad   Thumb Code   156  tasks_1.o(i.prvAddNewTaskToReadyList)
    i.prvCheckForValidListAndQueue           0x00000b64   Section        0  timers.o(i.prvCheckForValidListAndQueue)
    prvCheckForValidListAndQueue             0x00000b65   Thumb Code    56  timers.o(i.prvCheckForValidListAndQueue)
    i.prvCheckTasksWaitingTermination        0x00000bb0   Section        0  tasks_1.o(i.prvCheckTasksWaitingTermination)
    prvCheckTasksWaitingTermination          0x00000bb1   Thumb Code    60  tasks_1.o(i.prvCheckTasksWaitingTermination)
    i.prvCopyDataFromQueue                   0x00000bf8   Section        0  queue.o(i.prvCopyDataFromQueue)
    prvCopyDataFromQueue                     0x00000bf9   Thumb Code    42  queue.o(i.prvCopyDataFromQueue)
    i.prvCopyDataToQueue                     0x00000c22   Section        0  queue.o(i.prvCopyDataToQueue)
    prvCopyDataToQueue                       0x00000c23   Thumb Code   126  queue.o(i.prvCopyDataToQueue)
    i.prvDeleteTCB                           0x00000ca0   Section        0  tasks_1.o(i.prvDeleteTCB)
    prvDeleteTCB                             0x00000ca1   Thumb Code    18  tasks_1.o(i.prvDeleteTCB)
    i.prvGetExpectedIdleTime                 0x00000cb4   Section        0  tasks_1.o(i.prvGetExpectedIdleTime)
    prvGetExpectedIdleTime                   0x00000cb5   Thumb Code    56  tasks_1.o(i.prvGetExpectedIdleTime)
    i.prvGetNextExpireTime                   0x00000d00   Section        0  timers.o(i.prvGetNextExpireTime)
    prvGetNextExpireTime                     0x00000d01   Thumb Code    36  timers.o(i.prvGetNextExpireTime)
    i.prvIdleTask                            0x00000d28   Section        0  tasks_1.o(i.prvIdleTask)
    prvIdleTask                              0x00000d29   Thumb Code   108  tasks_1.o(i.prvIdleTask)
    i.prvInitialiseNewQueue                  0x00000da4   Section        0  queue.o(i.prvInitialiseNewQueue)
    prvInitialiseNewQueue                    0x00000da5   Thumb Code    46  queue.o(i.prvInitialiseNewQueue)
    i.prvInitialiseNewTask                   0x00000dd2   Section        0  tasks_1.o(i.prvInitialiseNewTask)
    prvInitialiseNewTask                     0x00000dd3   Thumb Code   194  tasks_1.o(i.prvInitialiseNewTask)
    i.prvInitialiseTaskLists                 0x00000e94   Section        0  tasks_1.o(i.prvInitialiseTaskLists)
    prvInitialiseTaskLists                   0x00000e95   Thumb Code    70  tasks_1.o(i.prvInitialiseTaskLists)
    i.prvInsertTimerInActiveList             0x00000efc   Section        0  timers.o(i.prvInsertTimerInActiveList)
    prvInsertTimerInActiveList               0x00000efd   Thumb Code    80  timers.o(i.prvInsertTimerInActiveList)
    i.prvIsQueueEmpty                        0x00000f54   Section        0  queue.o(i.prvIsQueueEmpty)
    prvIsQueueEmpty                          0x00000f55   Thumb Code    26  queue.o(i.prvIsQueueEmpty)
    i.prvIsQueueFull                         0x00000f6e   Section        0  queue.o(i.prvIsQueueFull)
    prvIsQueueFull                           0x00000f6f   Thumb Code    30  queue.o(i.prvIsQueueFull)
    i.prvNotifyQueueSetContainer             0x00000f8c   Section        0  queue.o(i.prvNotifyQueueSetContainer)
    prvNotifyQueueSetContainer               0x00000f8d   Thumb Code   144  queue.o(i.prvNotifyQueueSetContainer)
    i.prvProcessExpiredTimer                 0x0000101c   Section        0  timers.o(i.prvProcessExpiredTimer)
    prvProcessExpiredTimer                   0x0000101d   Thumb Code   110  timers.o(i.prvProcessExpiredTimer)
    i.prvProcessReceivedCommands             0x00001090   Section        0  timers.o(i.prvProcessReceivedCommands)
    prvProcessReceivedCommands               0x00001091   Thumb Code   350  timers.o(i.prvProcessReceivedCommands)
    i.prvProcessTimerOrBlockTask             0x000011f4   Section        0  timers.o(i.prvProcessTimerOrBlockTask)
    prvProcessTimerOrBlockTask               0x000011f5   Thumb Code   102  timers.o(i.prvProcessTimerOrBlockTask)
    i.prvResetNextTaskUnblockTime            0x00001268   Section        0  tasks_1.o(i.prvResetNextTaskUnblockTime)
    prvResetNextTaskUnblockTime              0x00001269   Thumb Code    42  tasks_1.o(i.prvResetNextTaskUnblockTime)
    i.prvSampleTimeNow                       0x0000129c   Section        0  timers.o(i.prvSampleTimeNow)
    prvSampleTimeNow                         0x0000129d   Thumb Code    40  timers.o(i.prvSampleTimeNow)
    i.prvSwitchTimerLists                    0x000012c8   Section        0  timers.o(i.prvSwitchTimerLists)
    prvSwitchTimerLists                      0x000012c9   Thumb Code   154  timers.o(i.prvSwitchTimerLists)
    i.prvTaskExitError                       0x0000136c   Section        0  port.o(i.prvTaskExitError)
    prvTaskExitError                         0x0000136d   Thumb Code    60  port.o(i.prvTaskExitError)
    i.prvTimerTask                           0x000013ac   Section        0  timers.o(i.prvTimerTask)
    prvTimerTask                             0x000013ad   Thumb Code    26  timers.o(i.prvTimerTask)
    i.prvUnlockQueue                         0x000013c6   Section        0  queue.o(i.prvUnlockQueue)
    prvUnlockQueue                           0x000013c7   Thumb Code   146  queue.o(i.prvUnlockQueue)
    i.pvPortMalloc                           0x00001458   Section        0  heap_1.o(i.pvPortMalloc)
    i.pxPortInitialiseStack                  0x000014c8   Section        0  port.o(i.pxPortInitialiseStack)
    i.uxListRemove                           0x000014f4   Section        0  list.o(i.uxListRemove)
    i.vListInitialise                        0x0000151c   Section        0  list.o(i.vListInitialise)
    i.vListInitialiseItem                    0x00001536   Section        0  list.o(i.vListInitialiseItem)
    i.vListInsert                            0x0000153c   Section        0  list.o(i.vListInsert)
    i.vListInsertEnd                         0x00001570   Section        0  list.o(i.vListInsertEnd)
    i.vPortEnterCritical                     0x00001588   Section        0  port.o(i.vPortEnterCritical)
    i.vPortExitCritical                      0x000015dc   Section        0  port.o(i.vPortExitCritical)
    i.vPortFree                              0x00001618   Section        0  heap_1.o(i.vPortFree)
    i.vPortSetupTimerInterrupt               0x0000163c   Section        0  port.o(i.vPortSetupTimerInterrupt)
    i.vPortSuppressTicksAndSleep             0x000016a0   Section        0  port.o(i.vPortSuppressTicksAndSleep)
    i.vPortValidateInterruptPriority         0x000017ec   Section        0  port.o(i.vPortValidateInterruptPriority)
    i.vQueueWaitForMessageRestricted         0x00001864   Section        0  queue.o(i.vQueueWaitForMessageRestricted)
    i.vTask1                                 0x000018b0   Section        0  main.o(i.vTask1)
    vTask1                                   0x000018b1   Thumb Code   128  main.o(i.vTask1)
    i.vTask2                                 0x00001950   Section        0  main.o(i.vTask2)
    vTask2                                   0x00001951   Thumb Code   130  main.o(i.vTask2)
    i.vTask3                                 0x000019f0   Section        0  main.o(i.vTask3)
    vTask3                                   0x000019f1   Thumb Code   106  main.o(i.vTask3)
    i.vTask4                                 0x00001a68   Section        0  main.o(i.vTask4)
    vTask4                                   0x00001a69   Thumb Code    86  main.o(i.vTask4)
    i.vTaskDelay                             0x00001ad0   Section        0  tasks_1.o(i.vTaskDelay)
    i.vTaskDelayUntil                        0x00001b2c   Section        0  tasks_1.o(i.vTaskDelayUntil)
    i.vTaskInternalSetTimeOutState           0x00001c00   Section        0  tasks_1.o(i.vTaskInternalSetTimeOutState)
    i.vTaskMissedYield                       0x00001c18   Section        0  tasks_1.o(i.vTaskMissedYield)
    i.vTaskPlaceOnEventList                  0x00001c24   Section        0  tasks_1.o(i.vTaskPlaceOnEventList)
    i.vTaskPlaceOnEventListRestricted        0x00001c5c   Section        0  tasks_1.o(i.vTaskPlaceOnEventListRestricted)
    i.vTaskPrioritySet                       0x00001c9c   Section        0  tasks_1.o(i.vTaskPrioritySet)
    i.vTaskStartScheduler                    0x00001db0   Section        0  tasks_1.o(i.vTaskStartScheduler)
    i.vTaskStepTick                          0x00001e44   Section        0  tasks_1.o(i.vTaskStepTick)
    i.vTaskSuspendAll                        0x00001e84   Section        0  tasks_1.o(i.vTaskSuspendAll)
    i.vTaskSwitchContext                     0x00001e94   Section        0  tasks_1.o(i.vTaskSwitchContext)
    i.xPortStartScheduler                    0x00001f20   Section        0  port.o(i.xPortStartScheduler)
    i.xQueueGenericCreate                    0x00002088   Section        0  queue.o(i.xQueueGenericCreate)
    i.xQueueGenericReset                     0x000020e4   Section        0  queue.o(i.xQueueGenericReset)
    i.xQueueGenericSend                      0x0000217c   Section        0  queue.o(i.xQueueGenericSend)
    i.xQueueGenericSendFromISR               0x00002354   Section        0  queue.o(i.xQueueGenericSendFromISR)
    i.xQueueReceive                          0x0000245c   Section        0  queue.o(i.xQueueReceive)
    i.xTaskCheckForTimeOut                   0x000025c4   Section        0  tasks_1.o(i.xTaskCheckForTimeOut)
    i.xTaskCreate                            0x0000266c   Section        0  tasks_1.o(i.xTaskCreate)
    i.xTaskGetSchedulerState                 0x000026cc   Section        0  tasks_1.o(i.xTaskGetSchedulerState)
    i.xTaskGetTickCount                      0x000026ec   Section        0  tasks_1.o(i.xTaskGetTickCount)
    i.xTaskIncrementTick                     0x000026f8   Section        0  tasks_1.o(i.xTaskIncrementTick)
    i.xTaskPriorityDisinherit                0x00002824   Section        0  tasks_1.o(i.xTaskPriorityDisinherit)
    i.xTaskRemoveFromEventList               0x000028ec   Section        0  tasks_1.o(i.xTaskRemoveFromEventList)
    i.xTaskResumeAll                         0x00002988   Section        0  tasks_1.o(i.xTaskResumeAll)
    i.xTimerCreateTimerTask                  0x00002a8c   Section        0  timers.o(i.xTimerCreateTimerTask)
    i.xTimerGenericCommand                   0x00002ae0   Section        0  timers.o(i.xTimerGenericCommand)
    x$fpl$fpinit                             0x00002b64   Section       10  fpinit.o(x$fpl$fpinit)
    $v0                                      0x00002b64   Number         0  fpinit.o(x$fpl$fpinit)
    .data                                    0x20000000   Section       36  main.o(.data)
    tcross                                   0x20000000   Data           4  main.o(.data)
    PD                                       0x20000004   Data           1  main.o(.data)
    xTask1Handle                             0x20000008   Data           4  main.o(.data)
    xTask2Handle                             0x2000000c   Data           4  main.o(.data)
    xTask3Handle                             0x20000010   Data           4  main.o(.data)
    xTask4Handle                             0x20000014   Data           4  main.o(.data)
    PDTaskHandle                             0x20000018   Data           4  main.o(.data)
    xLastWakeTime1                           0x2000001c   Data           4  main.o(.data)
    xLastWakeTime2                           0x20000020   Data           4  main.o(.data)
    .data                                    0x20000024   Section        4  system_tm4c123.o(.data)
    .data                                    0x20000028   Section        8  heap_1.o(.data)
    xNextFreeByte                            0x20000028   Data           4  heap_1.o(.data)
    pucAlignedHeap                           0x2000002c   Data           4  heap_1.o(.data)
    .data                                    0x20000030   Section       24  port.o(.data)
    uxCriticalNesting                        0x20000030   Data           4  port.o(.data)
    ulTimerCountsForOneTick                  0x20000034   Data           4  port.o(.data)
    xMaximumPossibleSuppressedTicks          0x20000038   Data           4  port.o(.data)
    ulStoppedTimerCompensation               0x2000003c   Data           4  port.o(.data)
    ucMaxSysCallPriority                     0x20000040   Data           1  port.o(.data)
    ulMaxPRIGROUPValue                       0x20000044   Data           4  port.o(.data)
    .data                                    0x20000048   Section       60  tasks_1.o(.data)
    pxDelayedTaskList                        0x2000004c   Data           4  tasks_1.o(.data)
    pxOverflowDelayedTaskList                0x20000050   Data           4  tasks_1.o(.data)
    uxDeletedTasksWaitingCleanUp             0x20000054   Data           4  tasks_1.o(.data)
    uxCurrentNumberOfTasks                   0x20000058   Data           4  tasks_1.o(.data)
    xTickCount                               0x2000005c   Data           4  tasks_1.o(.data)
    uxTopReadyPriority                       0x20000060   Data           4  tasks_1.o(.data)
    xSchedulerRunning                        0x20000064   Data           4  tasks_1.o(.data)
    uxPendedTicks                            0x20000068   Data           4  tasks_1.o(.data)
    xYieldPending                            0x2000006c   Data           4  tasks_1.o(.data)
    xNumOfOverflows                          0x20000070   Data           4  tasks_1.o(.data)
    uxTaskNumber                             0x20000074   Data           4  tasks_1.o(.data)
    xNextTaskUnblockTime                     0x20000078   Data           4  tasks_1.o(.data)
    xIdleTaskHandle                          0x2000007c   Data           4  tasks_1.o(.data)
    uxSchedulerSuspended                     0x20000080   Data           4  tasks_1.o(.data)
    .data                                    0x20000084   Section       20  timers.o(.data)
    pxCurrentTimerList                       0x20000084   Data           4  timers.o(.data)
    pxOverflowTimerList                      0x20000088   Data           4  timers.o(.data)
    xTimerQueue                              0x2000008c   Data           4  timers.o(.data)
    xTimerTaskHandle                         0x20000090   Data           4  timers.o(.data)
    xLastTime                                0x20000094   Data           4  timers.o(.data)
    .bss                                     0x20000098   Section     4096  heap_1.o(.bss)
    ucHeap                                   0x20000098   Data        4096  heap_1.o(.bss)
    .bss                                     0x20001098   Section      200  tasks_1.o(.bss)
    pxReadyTasksLists                        0x20001098   Data         100  tasks_1.o(.bss)
    xDelayedTaskList1                        0x200010fc   Data          20  tasks_1.o(.bss)
    xDelayedTaskList2                        0x20001110   Data          20  tasks_1.o(.bss)
    xPendingReadyList                        0x20001124   Data          20  tasks_1.o(.bss)
    xTasksWaitingTermination                 0x20001138   Data          20  tasks_1.o(.bss)
    xSuspendedTaskList                       0x2000114c   Data          20  tasks_1.o(.bss)
    .bss                                     0x20001160   Section       40  timers.o(.bss)
    xActiveTimerList1                        0x20001160   Data          20  timers.o(.bss)
    xActiveTimerList2                        0x20001174   Data          20  timers.o(.bss)
    .bss                                     0x20001188   Section       96  libspace.o(.bss)
    HEAP                                     0x200011e8   Section        0  startup_tm4c123.o(HEAP)
    STACK                                    0x200011e8   Section      512  startup_tm4c123.o(STACK)
    Heap_Mem                                 0x200011e8   Data           0  startup_tm4c123.o(HEAP)
    Stack_Mem                                0x200011e8   Data         512  startup_tm4c123.o(STACK)
    __initial_sp                             0x200013e8   Data           0  startup_tm4c123.o(STACK)

    Global Symbols

    Symbol Name                              Value     Ov Type        Size  Object(Section)

    BuildAttributes$$THM_ISAv4$E$P$D$K$B$S$7EM$VFPi3$EXTD16$VFPS$VFMA$PE$A:L22UL41UL21$X:L11$S22US41US21$IEEE1$IW$USESV6$~STKCKD$USESV7$~SHL$OSPACE$ROPI$EBA8$UX$STANDARDLIB$REQ8$PRES8$EABIv2 0x00000000   Number         0  anon$$obj.o ABSOLUTE
    __ARM_use_no_argv                        0x00000000   Number         0  main.o ABSOLUTE
    __Vectors                                0x00000000   Data           4  startup_tm4c123.o(RESET)
    __ARM_exceptions_init                     - Undefined Weak Reference
    __alloca_initialize                       - Undefined Weak Reference
    __arm_preinit_                            - Undefined Weak Reference
    __cpp_initialize__aeabi_                  - Undefined Weak Reference
    __cxa_finalize                            - Undefined Weak Reference
    __rt_locale                               - Undefined Weak Reference
    __sigvec_lookup                           - Undefined Weak Reference
    _atexit_init                              - Undefined Weak Reference
    _call_atexit_fns                          - Undefined Weak Reference
    _clock_init                               - Undefined Weak Reference
    _fp_trap_init                             - Undefined Weak Reference
    _fp_trap_shutdown                         - Undefined Weak Reference
    _get_lc_collate                           - Undefined Weak Reference
    _get_lc_ctype                             - Undefined Weak Reference
    _get_lc_monetary                          - Undefined Weak Reference
    _get_lc_numeric                           - Undefined Weak Reference
    _get_lc_time                              - Undefined Weak Reference
    _getenv_init                              - Undefined Weak Reference
    _handle_redirection                       - Undefined Weak Reference
    _init_alloc                               - Undefined Weak Reference
    _init_user_alloc                          - Undefined Weak Reference
    _initio                                   - Undefined Weak Reference
    _rand_init                                - Undefined Weak Reference
    _signal_finish                            - Undefined Weak Reference
    _signal_init                              - Undefined Weak Reference
    _terminate_alloc                          - Undefined Weak Reference
    _terminate_user_alloc                     - Undefined Weak Reference
    _terminateio                              - Undefined Weak Reference
    __Vectors_End                            0x0000026c   Data           0  startup_tm4c123.o(RESET)
    __Vectors_Size                           0x0000026c   Number         0  startup_tm4c123.o ABSOLUTE
    __main                                   0x0000026d   Thumb Code     8  __main.o(!!!main)
    __scatterload                            0x00000275   Thumb Code     0  __scatter.o(!!!scatter)
    __scatterload_rt2                        0x00000275   Thumb Code    44  __scatter.o(!!!scatter)
    __scatterload_rt2_thumb_only             0x00000275   Thumb Code     0  __scatter.o(!!!scatter)
    __scatterload_null                       0x00000283   Thumb Code     0  __scatter.o(!!!scatter)
    __scatterload_copy                       0x000002a9   Thumb Code    26  __scatter_copy.o(!!handler_copy)
    __scatterload_zeroinit                   0x000002c5   Thumb Code    28  __scatter_zi.o(!!handler_zi)
    __rt_lib_init                            0x000002e1   Thumb Code     0  libinit.o(.ARM.Collect$$libinit$$00000000)
    __rt_lib_init_fp_1                       0x000002e3   Thumb Code     0  libinit2.o(.ARM.Collect$$libinit$$00000001)
    __rt_lib_init_alloca_1                   0x000002e7   Thumb Code     0  libinit2.o(.ARM.Collect$$libinit$$0000002E)
    __rt_lib_init_argv_1                     0x000002e7   Thumb Code     0  libinit2.o(.ARM.Collect$$libinit$$0000002C)
    __rt_lib_init_atexit_1                   0x000002e7   Thumb Code     0  libinit2.o(.ARM.Collect$$libinit$$0000001B)
    __rt_lib_init_clock_1                    0x000002e7   Thumb Code     0  libinit2.o(.ARM.Collect$$libinit$$00000021)
    __rt_lib_init_cpp_1                      0x000002e7   Thumb Code     0  libinit2.o(.ARM.Collect$$libinit$$00000032)
    __rt_lib_init_exceptions_1               0x000002e7   Thumb Code     0  libinit2.o(.ARM.Collect$$libinit$$00000030)
    __rt_lib_init_fp_trap_1                  0x000002e7   Thumb Code     0  libinit2.o(.ARM.Collect$$libinit$$0000001F)
    __rt_lib_init_getenv_1                   0x000002e7   Thumb Code     0  libinit2.o(.ARM.Collect$$libinit$$00000023)
    __rt_lib_init_heap_1                     0x000002e7   Thumb Code     0  libinit2.o(.ARM.Collect$$libinit$$0000000A)
    __rt_lib_init_lc_collate_1               0x000002e7   Thumb Code     0  libinit2.o(.ARM.Collect$$libinit$$00000011)
    __rt_lib_init_lc_ctype_1                 0x000002e7   Thumb Code     0  libinit2.o(.ARM.Collect$$libinit$$00000013)
    __rt_lib_init_lc_monetary_1              0x000002e7   Thumb Code     0  libinit2.o(.ARM.Collect$$libinit$$00000015)
    __rt_lib_init_lc_numeric_1               0x000002e7   Thumb Code     0  libinit2.o(.ARM.Collect$$libinit$$00000017)
    __rt_lib_init_lc_time_1                  0x000002e7   Thumb Code     0  libinit2.o(.ARM.Collect$$libinit$$00000019)
    __rt_lib_init_preinit_1                  0x000002e7   Thumb Code     0  libinit2.o(.ARM.Collect$$libinit$$00000004)
    __rt_lib_init_rand_1                     0x000002e7   Thumb Code     0  libinit2.o(.ARM.Collect$$libinit$$0000000E)
    __rt_lib_init_return                     0x000002e7   Thumb Code     0  libinit2.o(.ARM.Collect$$libinit$$00000033)
    __rt_lib_init_signal_1                   0x000002e7   Thumb Code     0  libinit2.o(.ARM.Collect$$libinit$$0000001D)
    __rt_lib_init_stdio_1                    0x000002e7   Thumb Code     0  libinit2.o(.ARM.Collect$$libinit$$00000025)
    __rt_lib_init_user_alloc_1               0x000002e7   Thumb Code     0  libinit2.o(.ARM.Collect$$libinit$$0000000C)
    __rt_lib_shutdown                        0x000002e9   Thumb Code     0  libshutdown.o(.ARM.Collect$$libshutdown$$00000000)
    __rt_lib_shutdown_cpp_1                  0x000002eb   Thumb Code     0  libshutdown2.o(.ARM.Collect$$libshutdown$$00000002)
    __rt_lib_shutdown_fp_trap_1              0x000002eb   Thumb Code     0  libshutdown2.o(.ARM.Collect$$libshutdown$$00000007)
    __rt_lib_shutdown_heap_1                 0x000002eb   Thumb Code     0  libshutdown2.o(.ARM.Collect$$libshutdown$$0000000F)
    __rt_lib_shutdown_return                 0x000002eb   Thumb Code     0  libshutdown2.o(.ARM.Collect$$libshutdown$$00000010)
    __rt_lib_shutdown_signal_1               0x000002eb   Thumb Code     0  libshutdown2.o(.ARM.Collect$$libshutdown$$0000000A)
    __rt_lib_shutdown_stdio_1                0x000002eb   Thumb Code     0  libshutdown2.o(.ARM.Collect$$libshutdown$$00000004)
    __rt_lib_shutdown_user_alloc_1           0x000002eb   Thumb Code     0  libshutdown2.o(.ARM.Collect$$libshutdown$$0000000C)
    __rt_entry                               0x000002ed   Thumb Code     0  __rtentry.o(.ARM.Collect$$rtentry$$00000000)
    __rt_entry_presh_1                       0x000002ed   Thumb Code     0  __rtentry2.o(.ARM.Collect$$rtentry$$00000002)
    __rt_entry_sh                            0x000002ed   Thumb Code     0  __rtentry4.o(.ARM.Collect$$rtentry$$00000004)
    __rt_entry_li                            0x000002f3   Thumb Code     0  __rtentry2.o(.ARM.Collect$$rtentry$$0000000A)
    __rt_entry_postsh_1                      0x000002f3   Thumb Code     0  __rtentry2.o(.ARM.Collect$$rtentry$$00000009)
    __rt_entry_main                          0x000002f7   Thumb Code     0  __rtentry2.o(.ARM.Collect$$rtentry$$0000000D)
    __rt_entry_postli_1                      0x000002f7   Thumb Code     0  __rtentry2.o(.ARM.Collect$$rtentry$$0000000C)
    __rt_exit                                0x000002ff   Thumb Code     0  rtexit.o(.ARM.Collect$$rtexit$$00000000)
    __rt_exit_ls                             0x00000301   Thumb Code     0  rtexit2.o(.ARM.Collect$$rtexit$$00000003)
    __rt_exit_prels_1                        0x00000301   Thumb Code     0  rtexit2.o(.ARM.Collect$$rtexit$$00000002)
    __rt_exit_exit                           0x00000305   Thumb Code     0  rtexit2.o(.ARM.Collect$$rtexit$$00000004)
    SVC_Handler                              0x0000030d   Thumb Code    28  port.o(.emb_text)
    __asm___6_port_c_39a90d8d__prvStartFirstTask 0x0000032d   Thumb Code    36  port.o(.emb_text)
    __asm___6_port_c_39a90d8d__prvEnableVFP  0x00000355   Thumb Code    16  port.o(.emb_text)
    PendSV_Handler                           0x00000369   Thumb Code    88  port.o(.emb_text)
    vPortGetIPSR                             0x000003c5   Thumb Code     6  port.o(.emb_text)
    Reset_Handler                            0x000003cd   Thumb Code     8  startup_tm4c123.o(.text)
    NMI_Handler                              0x000003d5   Thumb Code     2  startup_tm4c123.o(.text)
    HardFault_Handler                        0x000003d7   Thumb Code     2  startup_tm4c123.o(.text)
    MemManage_Handler                        0x000003d9   Thumb Code     2  startup_tm4c123.o(.text)
    BusFault_Handler                         0x000003db   Thumb Code     2  startup_tm4c123.o(.text)
    UsageFault_Handler                       0x000003dd   Thumb Code     2  startup_tm4c123.o(.text)
    DebugMon_Handler                         0x000003e1   Thumb Code     2  startup_tm4c123.o(.text)
    GPIOA_Handler                            0x000003e7   Thumb Code     2  startup_tm4c123.o(.text)
    GPIOB_Handler                            0x000003e9   Thumb Code     2  startup_tm4c123.o(.text)
    GPIOC_Handler                            0x000003eb   Thumb Code     2  startup_tm4c123.o(.text)
    GPIOD_Handler                            0x000003ed   Thumb Code     2  startup_tm4c123.o(.text)
    GPIOE_Handler                            0x000003ef   Thumb Code     2  startup_tm4c123.o(.text)
    UART0_Handler                            0x000003f1   Thumb Code     2  startup_tm4c123.o(.text)
    UART1_Handler                            0x000003f3   Thumb Code     2  startup_tm4c123.o(.text)
    SSI0_Handler                             0x000003f5   Thumb Code     2  startup_tm4c123.o(.text)
    I2C0_Handler                             0x000003f7   Thumb Code     2  startup_tm4c123.o(.text)
    PMW0_FAULT_Handler                       0x000003f9   Thumb Code     2  startup_tm4c123.o(.text)
    PWM0_0_Handler                           0x000003fb   Thumb Code     2  startup_tm4c123.o(.text)
    PWM0_1_Handler                           0x000003fd   Thumb Code     2  startup_tm4c123.o(.text)
    PWM0_2_Handler                           0x000003ff   Thumb Code     2  startup_tm4c123.o(.text)
    QEI0_Handler                             0x00000401   Thumb Code     2  startup_tm4c123.o(.text)
    ADC0SS0_Handler                          0x00000403   Thumb Code     2  startup_tm4c123.o(.text)
    ADC0SS1_Handler                          0x00000405   Thumb Code     2  startup_tm4c123.o(.text)
    ADC0SS2_Handler                          0x00000407   Thumb Code     2  startup_tm4c123.o(.text)
    ADC0SS3_Handler                          0x00000409   Thumb Code     2  startup_tm4c123.o(.text)
    WDT0_Handler                             0x0000040b   Thumb Code     2  startup_tm4c123.o(.text)
    TIMER0A_Handler                          0x0000040d   Thumb Code     2  startup_tm4c123.o(.text)
    TIMER0B_Handler                          0x0000040f   Thumb Code     2  startup_tm4c123.o(.text)
    TIMER1A_Handler                          0x00000411   Thumb Code     2  startup_tm4c123.o(.text)
    TIMER1B_Handler                          0x00000413   Thumb Code     2  startup_tm4c123.o(.text)
    TIMER2A_Handler                          0x00000415   Thumb Code     2  startup_tm4c123.o(.text)
    TIMER2B_Handler                          0x00000417   Thumb Code     2  startup_tm4c123.o(.text)
    COMP0_Handler                            0x00000419   Thumb Code     2  startup_tm4c123.o(.text)
    COMP1_Handler                            0x0000041b   Thumb Code     2  startup_tm4c123.o(.text)
    COMP2_Handler                            0x0000041d   Thumb Code     2  startup_tm4c123.o(.text)
    SYSCTL_Handler                           0x0000041f   Thumb Code     2  startup_tm4c123.o(.text)
    FLASH_Handler                            0x00000421   Thumb Code     2  startup_tm4c123.o(.text)
    GPIOF_Handler                            0x00000423   Thumb Code     2  startup_tm4c123.o(.text)
    GPIOG_Handler                            0x00000425   Thumb Code     2  startup_tm4c123.o(.text)
    GPIOH_Handler                            0x00000427   Thumb Code     2  startup_tm4c123.o(.text)
    UART2_Handler                            0x00000429   Thumb Code     2  startup_tm4c123.o(.text)
    SSI1_Handler                             0x0000042b   Thumb Code     2  startup_tm4c123.o(.text)
    TIMER3A_Handler                          0x0000042d   Thumb Code     2  startup_tm4c123.o(.text)
    TIMER3B_Handler                          0x0000042f   Thumb Code     2  startup_tm4c123.o(.text)
    I2C1_Handler                             0x00000431   Thumb Code     2  startup_tm4c123.o(.text)
    QEI1_Handler                             0x00000433   Thumb Code     2  startup_tm4c123.o(.text)
    CAN0_Handler                             0x00000435   Thumb Code     2  startup_tm4c123.o(.text)
    CAN1_Handler                             0x00000437   Thumb Code     2  startup_tm4c123.o(.text)
    CAN2_Handler                             0x00000439   Thumb Code     2  startup_tm4c123.o(.text)
    HIB_Handler                              0x0000043b   Thumb Code     2  startup_tm4c123.o(.text)
    USB0_Handler                             0x0000043d   Thumb Code     2  startup_tm4c123.o(.text)
    PWM0_3_Handler                           0x0000043f   Thumb Code     2  startup_tm4c123.o(.text)
    UDMA_Handler                             0x00000441   Thumb Code     2  startup_tm4c123.o(.text)
    UDMAERR_Handler                          0x00000443   Thumb Code     2  startup_tm4c123.o(.text)
    ADC1SS0_Handler                          0x00000445   Thumb Code     2  startup_tm4c123.o(.text)
    ADC1SS1_Handler                          0x00000447   Thumb Code     2  startup_tm4c123.o(.text)
    ADC1SS2_Handler                          0x00000449   Thumb Code     2  startup_tm4c123.o(.text)
    ADC1SS3_Handler                          0x0000044b   Thumb Code     2  startup_tm4c123.o(.text)
    GPIOJ_Handler                            0x0000044d   Thumb Code     2  startup_tm4c123.o(.text)
    GPIOK_Handler                            0x0000044f   Thumb Code     2  startup_tm4c123.o(.text)
    GPIOL_Handler                            0x00000451   Thumb Code     2  startup_tm4c123.o(.text)
    SSI2_Handler                             0x00000453   Thumb Code     2  startup_tm4c123.o(.text)
    SSI3_Handler                             0x00000455   Thumb Code     2  startup_tm4c123.o(.text)
    UART3_Handler                            0x00000457   Thumb Code     2  startup_tm4c123.o(.text)
    UART4_Handler                            0x00000459   Thumb Code     2  startup_tm4c123.o(.text)
    UART5_Handler                            0x0000045b   Thumb Code     2  startup_tm4c123.o(.text)
    UART6_Handler                            0x0000045d   Thumb Code     2  startup_tm4c123.o(.text)
    UART7_Handler                            0x0000045f   Thumb Code     2  startup_tm4c123.o(.text)
    I2C2_Handler                             0x00000461   Thumb Code     2  startup_tm4c123.o(.text)
    I2C3_Handler                             0x00000463   Thumb Code     2  startup_tm4c123.o(.text)
    TIMER4A_Handler                          0x00000465   Thumb Code     2  startup_tm4c123.o(.text)
    TIMER4B_Handler                          0x00000467   Thumb Code     2  startup_tm4c123.o(.text)
    TIMER5A_Handler                          0x00000469   Thumb Code     2  startup_tm4c123.o(.text)
    TIMER5B_Handler                          0x0000046b   Thumb Code     2  startup_tm4c123.o(.text)
    WTIMER0A_Handler                         0x0000046d   Thumb Code     2  startup_tm4c123.o(.text)
    WTIMER0B_Handler                         0x0000046f   Thumb Code     2  startup_tm4c123.o(.text)
    WTIMER1A_Handler                         0x00000471   Thumb Code     2  startup_tm4c123.o(.text)
    WTIMER1B_Handler                         0x00000473   Thumb Code     2  startup_tm4c123.o(.text)
    WTIMER2A_Handler                         0x00000475   Thumb Code     2  startup_tm4c123.o(.text)
    WTIMER2B_Handler                         0x00000477   Thumb Code     2  startup_tm4c123.o(.text)
    WTIMER3A_Handler                         0x00000479   Thumb Code     2  startup_tm4c123.o(.text)
    WTIMER3B_Handler                         0x0000047b   Thumb Code     2  startup_tm4c123.o(.text)
    WTIMER4A_Handler                         0x0000047d   Thumb Code     2  startup_tm4c123.o(.text)
    WTIMER4B_Handler                         0x0000047f   Thumb Code     2  startup_tm4c123.o(.text)
    WTIMER5A_Handler                         0x00000481   Thumb Code     2  startup_tm4c123.o(.text)
    WTIMER5B_Handler                         0x00000483   Thumb Code     2  startup_tm4c123.o(.text)
    FPU_Handler                              0x00000485   Thumb Code     2  startup_tm4c123.o(.text)
    I2C4_Handler                             0x00000487   Thumb Code     2  startup_tm4c123.o(.text)
    I2C5_Handler                             0x00000489   Thumb Code     2  startup_tm4c123.o(.text)
    GPIOM_Handler                            0x0000048b   Thumb Code     2  startup_tm4c123.o(.text)
    GPION_Handler                            0x0000048d   Thumb Code     2  startup_tm4c123.o(.text)
    QEI2_Handler                             0x0000048f   Thumb Code     2  startup_tm4c123.o(.text)
    GPIOP0_Handler                           0x00000491   Thumb Code     2  startup_tm4c123.o(.text)
    GPIOP1_Handler                           0x00000493   Thumb Code     2  startup_tm4c123.o(.text)
    GPIOP2_Handler                           0x00000495   Thumb Code     2  startup_tm4c123.o(.text)
    GPIOP3_Handler                           0x00000497   Thumb Code     2  startup_tm4c123.o(.text)
    GPIOP4_Handler                           0x00000499   Thumb Code     2  startup_tm4c123.o(.text)
    GPIOP5_Handler                           0x0000049b   Thumb Code     2  startup_tm4c123.o(.text)
    GPIOP6_Handler                           0x0000049d   Thumb Code     2  startup_tm4c123.o(.text)
    GPIOP7_Handler                           0x0000049f   Thumb Code     2  startup_tm4c123.o(.text)
    GPIOQ0_Handler                           0x000004a1   Thumb Code     2  startup_tm4c123.o(.text)
    GPIOQ1_Handler                           0x000004a3   Thumb Code     2  startup_tm4c123.o(.text)
    GPIOQ2_Handler                           0x000004a5   Thumb Code     2  startup_tm4c123.o(.text)
    GPIOQ3_Handler                           0x000004a7   Thumb Code     2  startup_tm4c123.o(.text)
    GPIOQ4_Handler                           0x000004a9   Thumb Code     2  startup_tm4c123.o(.text)
    GPIOQ5_Handler                           0x000004ab   Thumb Code     2  startup_tm4c123.o(.text)
    GPIOQ6_Handler                           0x000004ad   Thumb Code     2  startup_tm4c123.o(.text)
    GPIOQ7_Handler                           0x000004af   Thumb Code     2  startup_tm4c123.o(.text)
    GPIOR_Handler                            0x000004b1   Thumb Code     2  startup_tm4c123.o(.text)
    GPIOS_Handler                            0x000004b3   Thumb Code     2  startup_tm4c123.o(.text)
    PMW1_0_Handler                           0x000004b5   Thumb Code     2  startup_tm4c123.o(.text)
    PWM1_1_Handler                           0x000004b7   Thumb Code     2  startup_tm4c123.o(.text)
    PWM1_2_Handler                           0x000004b9   Thumb Code     2  startup_tm4c123.o(.text)
    PWM1_3_Handler                           0x000004bb   Thumb Code     2  startup_tm4c123.o(.text)
    PWM1_FAULT_Handler                       0x000004bd   Thumb Code     2  startup_tm4c123.o(.text)
    __user_initial_stackheap                 0x000004c1   Thumb Code     0  startup_tm4c123.o(.text)
    __aeabi_memcpy                           0x000004e1   Thumb Code     0  rt_memcpy_v6.o(.text)
    __rt_memcpy                              0x000004e1   Thumb Code   138  rt_memcpy_v6.o(.text)
    _memcpy_lastbytes                        0x00000547   Thumb Code     0  rt_memcpy_v6.o(.text)
    __aeabi_memset                           0x0000056b   Thumb Code    16  aeabi_memset.o(.text)
    __use_two_region_memory                  0x0000057b   Thumb Code     2  heapauxi.o(.text)
    __rt_heap_escrow$2region                 0x0000057d   Thumb Code     2  heapauxi.o(.text)
    __rt_heap_expand$2region                 0x0000057f   Thumb Code     2  heapauxi.o(.text)
    _sys_exit                                0x00000581   Thumb Code     8  sys_exit.o(.text)
    __aeabi_memcpy4                          0x0000058d   Thumb Code     0  rt_memcpy_w.o(.text)
    __aeabi_memcpy8                          0x0000058d   Thumb Code     0  rt_memcpy_w.o(.text)
    __rt_memcpy_w                            0x0000058d   Thumb Code   100  rt_memcpy_w.o(.text)
    _memcpy_lastbytes_aligned                0x000005d5   Thumb Code     0  rt_memcpy_w.o(.text)
    __aeabi_memclr                           0x000005f1   Thumb Code     0  rt_memclr.o(.text)
    __rt_memclr                              0x000005f1   Thumb Code    68  rt_memclr.o(.text)
    _memset                                  0x000005f5   Thumb Code     0  rt_memclr.o(.text)
    __I$use$semihosting                      0x00000635   Thumb Code     0  use_no_semi.o(.text)
    __use_no_semihosting_swi                 0x00000635   Thumb Code     2  use_no_semi.o(.text)
    __aeabi_memclr4                          0x00000637   Thumb Code     0  rt_memclr_w.o(.text)
    __aeabi_memclr8                          0x00000637   Thumb Code     0  rt_memclr_w.o(.text)
    __rt_memclr_w                            0x00000637   Thumb Code    78  rt_memclr_w.o(.text)
    __semihosting_library_function           0x00000637   Thumb Code     0  indicate_semi.o(.text)
    _memset_w                                0x0000063b   Thumb Code     0  rt_memclr_w.o(.text)
    __user_setup_stackheap                   0x00000685   Thumb Code    74  sys_stackheap_outer.o(.text)
    exit                                     0x000006cf   Thumb Code    18  exit.o(.text)
    __user_libspace                          0x000006e1   Thumb Code     8  libspace.o(.text)
    __user_perproc_libspace                  0x000006e1   Thumb Code     0  libspace.o(.text)
    __user_perthread_libspace                0x000006e1   Thumb Code     0  libspace.o(.text)
    SysTick_Handler                          0x00000849   Thumb Code    46  port.o(i.SysTick_Handler)
    SystemInit                               0x0000087d   Thumb Code   112  system_tm4c123.o(i.SystemInit)
    eTaskConfirmSleepModeStatus              0x00000915   Thumb Code    42  tasks_1.o(i.eTaskConfirmSleepModeStatus)
    main                                     0x00000951   Thumb Code   110  main.o(i.main)
    pvPortMalloc                             0x00001459   Thumb Code    98  heap_1.o(i.pvPortMalloc)
    pxPortInitialiseStack                    0x000014c9   Thumb Code    38  port.o(i.pxPortInitialiseStack)
    uxListRemove                             0x000014f5   Thumb Code    40  list.o(i.uxListRemove)
    vListInitialise                          0x0000151d   Thumb Code    26  list.o(i.vListInitialise)
    vListInitialiseItem                      0x00001537   Thumb Code     6  list.o(i.vListInitialiseItem)
    vListInsert                              0x0000153d   Thumb Code    52  list.o(i.vListInsert)
    vListInsertEnd                           0x00001571   Thumb Code    24  list.o(i.vListInsertEnd)
    vPortEnterCritical                       0x00001589   Thumb Code    76  port.o(i.vPortEnterCritical)
    vPortExitCritical                        0x000015dd   Thumb Code    56  port.o(i.vPortExitCritical)
    vPortFree                                0x00001619   Thumb Code    34  heap_1.o(i.vPortFree)
    vPortSetupTimerInterrupt                 0x0000163d   Thumb Code    82  port.o(i.vPortSetupTimerInterrupt)
    vPortSuppressTicksAndSleep               0x000016a1   Thumb Code   320  port.o(i.vPortSuppressTicksAndSleep)
    vPortValidateInterruptPriority           0x000017ed   Thumb Code   106  port.o(i.vPortValidateInterruptPriority)
    vQueueWaitForMessageRestricted           0x00001865   Thumb Code    74  queue.o(i.vQueueWaitForMessageRestricted)
    vTaskDelay                               0x00001ad1   Thumb Code    82  tasks_1.o(i.vTaskDelay)
    vTaskDelayUntil                          0x00001b2d   Thumb Code   200  tasks_1.o(i.vTaskDelayUntil)
    vTaskInternalSetTimeOutState             0x00001c01   Thumb Code    14  tasks_1.o(i.vTaskInternalSetTimeOutState)
    vTaskMissedYield                         0x00001c19   Thumb Code     8  tasks_1.o(i.vTaskMissedYield)
    vTaskPlaceOnEventList                    0x00001c25   Thumb Code    52  tasks_1.o(i.vTaskPlaceOnEventList)
    vTaskPlaceOnEventListRestricted          0x00001c5d   Thumb Code    60  tasks_1.o(i.vTaskPlaceOnEventListRestricted)
    vTaskPrioritySet                         0x00001c9d   Thumb Code   260  tasks_1.o(i.vTaskPrioritySet)
    vTaskStartScheduler                      0x00001db1   Thumb Code   118  tasks_1.o(i.vTaskStartScheduler)
    vTaskStepTick                            0x00001e45   Thumb Code    56  tasks_1.o(i.vTaskStepTick)
    vTaskSuspendAll                          0x00001e85   Thumb Code    12  tasks_1.o(i.vTaskSuspendAll)
    vTaskSwitchContext                       0x00001e95   Thumb Code   118  tasks_1.o(i.vTaskSwitchContext)
    xPortStartScheduler                      0x00001f21   Thumb Code   330  port.o(i.xPortStartScheduler)
    xQueueGenericCreate                      0x00002089   Thumb Code    90  queue.o(i.xQueueGenericCreate)
    xQueueGenericReset                       0x000020e5   Thumb Code   146  queue.o(i.xQueueGenericReset)
    xQueueGenericSend                        0x0000217d   Thumb Code   468  queue.o(i.xQueueGenericSend)
    xQueueGenericSendFromISR                 0x00002355   Thumb Code   264  queue.o(i.xQueueGenericSendFromISR)
    xQueueReceive                            0x0000245d   Thumb Code   356  queue.o(i.xQueueReceive)
    xTaskCheckForTimeOut                     0x000025c5   Thumb Code   156  tasks_1.o(i.xTaskCheckForTimeOut)
    xTaskCreate                              0x0000266d   Thumb Code    96  tasks_1.o(i.xTaskCreate)
    xTaskGetSchedulerState                   0x000026cd   Thumb Code    24  tasks_1.o(i.xTaskGetSchedulerState)
    xTaskGetTickCount                        0x000026ed   Thumb Code     6  tasks_1.o(i.xTaskGetTickCount)
    xTaskIncrementTick                       0x000026f9   Thumb Code   256  tasks_1.o(i.xTaskIncrementTick)
    xTaskPriorityDisinherit                  0x00002825   Thumb Code   188  tasks_1.o(i.xTaskPriorityDisinherit)
    xTaskRemoveFromEventList                 0x000028ed   Thumb Code   132  tasks_1.o(i.xTaskRemoveFromEventList)
    xTaskResumeAll                           0x00002989   Thumb Code   224  tasks_1.o(i.xTaskResumeAll)
    xTimerCreateTimerTask                    0x00002a8d   Thumb Code    64  timers.o(i.xTimerCreateTimerTask)
    xTimerGenericCommand                     0x00002ae1   Thumb Code   128  timers.o(i.xTimerGenericCommand)
    _fp_init                                 0x00002b65   Thumb Code    10  fpinit.o(x$fpl$fpinit)
    __fplib_config_fpu_vfp                   0x00002b6d   Thumb Code     0  fpinit.o(x$fpl$fpinit)
    __fplib_config_pureend_doubles           0x00002b6d   Thumb Code     0  fpinit.o(x$fpl$fpinit)
    Region$$Table$$Base                      0x00002b70   Number         0  anon$$obj.o(Region$$Table)
    Region$$Table$$Limit                     0x00002b90   Number         0  anon$$obj.o(Region$$Table)
    SystemCoreClock                          0x20000024   Data           4  system_tm4c123.o(.data)
    pxCurrentTCB                             0x20000048   Data           4  tasks_1.o(.data)
    __libspace_start                         0x20001188   Data          96  libspace.o(.bss)
    __temporary_stack_top$libspace           0x200011e8   Data           0  libspace.o(.bss)



==============================================================================

Memory Map of the image

  Image Entry point : 0x000003cd

  Load Region LR_1 (Base: 0x00000000, Size: 0x00002c28, Max: 0xffffffff, ABSOLUTE)

    Execution Region ER_RO (Exec base: 0x00000000, Load base: 0x00000000, Size: 0x00002b90, Max: 0xffffffff, ABSOLUTE)

    Exec Addr    Load Addr    Size         Type   Attr      Idx    E Section Name        Object

    0x00000000   0x00000000   0x0000026c   Data   RO          665    RESET               startup_tm4c123.o
    0x0000026c   0x0000026c   0x00000008   Code   RO         1746  * !!!main             c_w.l(__main.o)
    0x00000274   0x00000274   0x00000034   Code   RO         1936    !!!scatter          c_w.l(__scatter.o)
    0x000002a8   0x000002a8   0x0000001a   Code   RO         1938    !!handler_copy      c_w.l(__scatter_copy.o)
    0x000002c2   0x000002c2   0x00000002   PAD
    0x000002c4   0x000002c4   0x0000001c   Code   RO         1940    !!handler_zi        c_w.l(__scatter_zi.o)
    0x000002e0   0x000002e0   0x00000002   Code   RO         1821    .ARM.Collect$$libinit$$00000000  c_w.l(libinit.o)
    0x000002e2   0x000002e2   0x00000004   Code   RO         1831    .ARM.Collect$$libinit$$00000001  c_w.l(libinit2.o)
    0x000002e6   0x000002e6   0x00000000   Code   RO         1834    .ARM.Collect$$libinit$$00000004  c_w.l(libinit2.o)
    0x000002e6   0x000002e6   0x00000000   Code   RO         1837    .ARM.Collect$$libinit$$0000000A  c_w.l(libinit2.o)
    0x000002e6   0x000002e6   0x00000000   Code   RO         1839    .ARM.Collect$$libinit$$0000000C  c_w.l(libinit2.o)
    0x000002e6   0x000002e6   0x00000000   Code   RO         1841    .ARM.Collect$$libinit$$0000000E  c_w.l(libinit2.o)
    0x000002e6   0x000002e6   0x00000000   Code   RO         1844    .ARM.Collect$$libinit$$00000011  c_w.l(libinit2.o)
    0x000002e6   0x000002e6   0x00000000   Code   RO         1846    .ARM.Collect$$libinit$$00000013  c_w.l(libinit2.o)
    0x000002e6   0x000002e6   0x00000000   Code   RO         1848    .ARM.Collect$$libinit$$00000015  c_w.l(libinit2.o)
    0x000002e6   0x000002e6   0x00000000   Code   RO         1850    .ARM.Collect$$libinit$$00000017  c_w.l(libinit2.o)
    0x000002e6   0x000002e6   0x00000000   Code   RO         1852    .ARM.Collect$$libinit$$00000019  c_w.l(libinit2.o)
    0x000002e6   0x000002e6   0x00000000   Code   RO         1854    .ARM.Collect$$libinit$$0000001B  c_w.l(libinit2.o)
    0x000002e6   0x000002e6   0x00000000   Code   RO         1856    .ARM.Collect$$libinit$$0000001D  c_w.l(libinit2.o)
    0x000002e6   0x000002e6   0x00000000   Code   RO         1858    .ARM.Collect$$libinit$$0000001F  c_w.l(libinit2.o)
    0x000002e6   0x000002e6   0x00000000   Code   RO         1860    .ARM.Collect$$libinit$$00000021  c_w.l(libinit2.o)
    0x000002e6   0x000002e6   0x00000000   Code   RO         1862    .ARM.Collect$$libinit$$00000023  c_w.l(libinit2.o)
    0x000002e6   0x000002e6   0x00000000   Code   RO         1864    .ARM.Collect$$libinit$$00000025  c_w.l(libinit2.o)
    0x000002e6   0x000002e6   0x00000000   Code   RO         1868    .ARM.Collect$$libinit$$0000002C  c_w.l(libinit2.o)
    0x000002e6   0x000002e6   0x00000000   Code   RO         1870    .ARM.Collect$$libinit$$0000002E  c_w.l(libinit2.o)
    0x000002e6   0x000002e6   0x00000000   Code   RO         1872    .ARM.Collect$$libinit$$00000030  c_w.l(libinit2.o)
    0x000002e6   0x000002e6   0x00000000   Code   RO         1874    .ARM.Collect$$libinit$$00000032  c_w.l(libinit2.o)
    0x000002e6   0x000002e6   0x00000002   Code   RO         1875    .ARM.Collect$$libinit$$00000033  c_w.l(libinit2.o)
    0x000002e8   0x000002e8   0x00000002   Code   RO         1909    .ARM.Collect$$libshutdown$$00000000  c_w.l(libshutdown.o)
    0x000002ea   0x000002ea   0x00000000   Code   RO         1919    .ARM.Collect$$libshutdown$$00000002  c_w.l(libshutdown2.o)
    0x000002ea   0x000002ea   0x00000000   Code   RO         1921    .ARM.Collect$$libshutdown$$00000004  c_w.l(libshutdown2.o)
    0x000002ea   0x000002ea   0x00000000   Code   RO         1924    .ARM.Collect$$libshutdown$$00000007  c_w.l(libshutdown2.o)
    0x000002ea   0x000002ea   0x00000000   Code   RO         1927    .ARM.Collect$$libshutdown$$0000000A  c_w.l(libshutdown2.o)
    0x000002ea   0x000002ea   0x00000000   Code   RO         1929    .ARM.Collect$$libshutdown$$0000000C  c_w.l(libshutdown2.o)
    0x000002ea   0x000002ea   0x00000000   Code   RO         1932    .ARM.Collect$$libshutdown$$0000000F  c_w.l(libshutdown2.o)
    0x000002ea   0x000002ea   0x00000002   Code   RO         1933    .ARM.Collect$$libshutdown$$00000010  c_w.l(libshutdown2.o)
    0x000002ec   0x000002ec   0x00000000   Code   RO         1768    .ARM.Collect$$rtentry$$00000000  c_w.l(__rtentry.o)
    0x000002ec   0x000002ec   0x00000000   Code   RO         1786    .ARM.Collect$$rtentry$$00000002  c_w.l(__rtentry2.o)
    0x000002ec   0x000002ec   0x00000006   Code   RO         1798    .ARM.Collect$$rtentry$$00000004  c_w.l(__rtentry4.o)
    0x000002f2   0x000002f2   0x00000000   Code   RO         1788    .ARM.Collect$$rtentry$$00000009  c_w.l(__rtentry2.o)
    0x000002f2   0x000002f2   0x00000004   Code   RO         1789    .ARM.Collect$$rtentry$$0000000A  c_w.l(__rtentry2.o)
    0x000002f6   0x000002f6   0x00000000   Code   RO         1791    .ARM.Collect$$rtentry$$0000000C  c_w.l(__rtentry2.o)
    0x000002f6   0x000002f6   0x00000008   Code   RO         1792    .ARM.Collect$$rtentry$$0000000D  c_w.l(__rtentry2.o)
    0x000002fe   0x000002fe   0x00000002   Code   RO         1827    .ARM.Collect$$rtexit$$00000000  c_w.l(rtexit.o)
    0x00000300   0x00000300   0x00000000   Code   RO         1877    .ARM.Collect$$rtexit$$00000002  c_w.l(rtexit2.o)
    0x00000300   0x00000300   0x00000004   Code   RO         1878    .ARM.Collect$$rtexit$$00000003  c_w.l(rtexit2.o)
    0x00000304   0x00000304   0x00000006   Code   RO         1879    .ARM.Collect$$rtexit$$00000004  c_w.l(rtexit2.o)
    0x0000030a   0x0000030a   0x00000002   PAD
    0x0000030c   0x0000030c   0x000000be   Code   RO          842    .emb_text           port.o
    0x000003ca   0x000003ca   0x00000002   PAD
    0x000003cc   0x000003cc   0x00000114   Code   RO          666  * .text               startup_tm4c123.o
    0x000004e0   0x000004e0   0x0000008a   Code   RO         1740    .text               c_w.l(rt_memcpy_v6.o)
    0x0000056a   0x0000056a   0x00000010   Code   RO         1742    .text               c_w.l(aeabi_memset.o)
    0x0000057a   0x0000057a   0x00000006   Code   RO         1744    .text               c_w.l(heapauxi.o)
    0x00000580   0x00000580   0x0000000c   Code   RO         1766    .text               c_w.l(sys_exit.o)
    0x0000058c   0x0000058c   0x00000064   Code   RO         1773    .text               c_w.l(rt_memcpy_w.o)
    0x000005f0   0x000005f0   0x00000044   Code   RO         1775    .text               c_w.l(rt_memclr.o)
    0x00000634   0x00000634   0x00000002   Code   RO         1782    .text               c_w.l(use_no_semi.o)
    0x00000636   0x00000636   0x00000000   Code   RO         1784    .text               c_w.l(indicate_semi.o)
    0x00000636   0x00000636   0x0000004e   Code   RO         1806    .text               c_w.l(rt_memclr_w.o)
    0x00000684   0x00000684   0x0000004a   Code   RO         1808    .text               c_w.l(sys_stackheap_outer.o)
    0x000006ce   0x000006ce   0x00000012   Code   RO         1810    .text               c_w.l(exit.o)
    0x000006e0   0x000006e0   0x00000008   Code   RO         1824    .text               c_w.l(libspace.o)
    0x000006e8   0x000006e8   0x000000fc   Code   RO            5    i.PortB_Init        main.o
    0x000007e4   0x000007e4   0x00000064   Code   RO            7    i.PortF_Init        main.o
    0x00000848   0x00000848   0x00000034   Code   RO          843    i.SysTick_Handler   port.o
    0x0000087c   0x0000087c   0x00000098   Code   RO          675    i.SystemInit        system_tm4c123.o
    0x00000914   0x00000914   0x0000003c   Code   RO         1177    i.eTaskConfirmSleepModeStatus  tasks_1.o
    0x00000950   0x00000950   0x000000b8   Code   RO            9    i.main              main.o
    0x00000a08   0x00000a08   0x000000a4   Code   RO         1180    i.prvAddCurrentTaskToDelayedList  tasks_1.o
    0x00000aac   0x00000aac   0x000000b8   Code   RO         1181    i.prvAddNewTaskToReadyList  tasks_1.o
    0x00000b64   0x00000b64   0x0000004c   Code   RO         1583    i.prvCheckForValidListAndQueue  timers.o
    0x00000bb0   0x00000bb0   0x00000048   Code   RO         1182    i.prvCheckTasksWaitingTermination  tasks_1.o
    0x00000bf8   0x00000bf8   0x0000002a   Code   RO          925    i.prvCopyDataFromQueue  queue.o
    0x00000c22   0x00000c22   0x0000007e   Code   RO          926    i.prvCopyDataToQueue  queue.o
    0x00000ca0   0x00000ca0   0x00000012   Code   RO         1183    i.prvDeleteTCB      tasks_1.o
    0x00000cb2   0x00000cb2   0x00000002   PAD
    0x00000cb4   0x00000cb4   0x0000004c   Code   RO         1184    i.prvGetExpectedIdleTime  tasks_1.o
    0x00000d00   0x00000d00   0x00000028   Code   RO         1584    i.prvGetNextExpireTime  timers.o
    0x00000d28   0x00000d28   0x0000007c   Code   RO         1185    i.prvIdleTask       tasks_1.o
    0x00000da4   0x00000da4   0x0000002e   Code   RO          929    i.prvInitialiseNewQueue  queue.o
    0x00000dd2   0x00000dd2   0x000000c2   Code   RO         1186    i.prvInitialiseNewTask  tasks_1.o
    0x00000e94   0x00000e94   0x00000068   Code   RO         1187    i.prvInitialiseTaskLists  tasks_1.o
    0x00000efc   0x00000efc   0x00000058   Code   RO         1586    i.prvInsertTimerInActiveList  timers.o
    0x00000f54   0x00000f54   0x0000001a   Code   RO          930    i.prvIsQueueEmpty   queue.o
    0x00000f6e   0x00000f6e   0x0000001e   Code   RO          931    i.prvIsQueueFull    queue.o
    0x00000f8c   0x00000f8c   0x00000090   Code   RO          932    i.prvNotifyQueueSetContainer  queue.o
    0x0000101c   0x0000101c   0x00000074   Code   RO         1587    i.prvProcessExpiredTimer  timers.o
    0x00001090   0x00001090   0x00000164   Code   RO         1588    i.prvProcessReceivedCommands  timers.o
    0x000011f4   0x000011f4   0x00000074   Code   RO         1589    i.prvProcessTimerOrBlockTask  timers.o
    0x00001268   0x00001268   0x00000034   Code   RO         1189    i.prvResetNextTaskUnblockTime  tasks_1.o
    0x0000129c   0x0000129c   0x0000002c   Code   RO         1590    i.prvSampleTimeNow  timers.o
    0x000012c8   0x000012c8   0x000000a4   Code   RO         1591    i.prvSwitchTimerLists  timers.o
    0x0000136c   0x0000136c   0x00000040   Code   RO          844    i.prvTaskExitError  port.o
    0x000013ac   0x000013ac   0x0000001a   Code   RO         1592    i.prvTimerTask      timers.o
    0x000013c6   0x000013c6   0x00000092   Code   RO          933    i.prvUnlockQueue    queue.o
    0x00001458   0x00001458   0x00000070   Code   RO          797    i.pvPortMalloc      heap_1.o
    0x000014c8   0x000014c8   0x0000002c   Code   RO          845    i.pxPortInitialiseStack  port.o
    0x000014f4   0x000014f4   0x00000028   Code   RO          746    i.uxListRemove      list.o
    0x0000151c   0x0000151c   0x0000001a   Code   RO          747    i.vListInitialise   list.o
    0x00001536   0x00001536   0x00000006   Code   RO          748    i.vListInitialiseItem  list.o
    0x0000153c   0x0000153c   0x00000034   Code   RO          749    i.vListInsert       list.o
    0x00001570   0x00001570   0x00000018   Code   RO          750    i.vListInsertEnd    list.o
    0x00001588   0x00001588   0x00000054   Code   RO          847    i.vPortEnterCritical  port.o
    0x000015dc   0x000015dc   0x0000003c   Code   RO          848    i.vPortExitCritical  port.o
    0x00001618   0x00001618   0x00000022   Code   RO          798    i.vPortFree         heap_1.o
    0x0000163a   0x0000163a   0x00000002   PAD
    0x0000163c   0x0000163c   0x00000064   Code   RO          849    i.vPortSetupTimerInterrupt  port.o
    0x000016a0   0x000016a0   0x0000014c   Code   RO          850    i.vPortSuppressTicksAndSleep  port.o
    0x000017ec   0x000017ec   0x00000078   Code   RO          851    i.vPortValidateInterruptPriority  port.o
    0x00001864   0x00001864   0x0000004a   Code   RO          941    i.vQueueWaitForMessageRestricted  queue.o
    0x000018ae   0x000018ae   0x00000002   PAD
    0x000018b0   0x000018b0   0x000000a0   Code   RO           10    i.vTask1            main.o
    0x00001950   0x00001950   0x000000a0   Code   RO           11    i.vTask2            main.o
    0x000019f0   0x000019f0   0x00000078   Code   RO           12    i.vTask3            main.o
    0x00001a68   0x00001a68   0x00000068   Code   RO           13    i.vTask4            main.o
    0x00001ad0   0x00001ad0   0x0000005c   Code   RO         1203    i.vTaskDelay        tasks_1.o
    0x00001b2c   0x00001b2c   0x000000d4   Code   RO         1204    i.vTaskDelayUntil   tasks_1.o
    0x00001c00   0x00001c00   0x00000018   Code   RO         1208    i.vTaskInternalSetTimeOutState  tasks_1.o
    0x00001c18   0x00001c18   0x0000000c   Code   RO         1209    i.vTaskMissedYield  tasks_1.o
    0x00001c24   0x00001c24   0x00000038   Code   RO         1211    i.vTaskPlaceOnEventList  tasks_1.o
    0x00001c5c   0x00001c5c   0x00000040   Code   RO         1212    i.vTaskPlaceOnEventListRestricted  tasks_1.o
    0x00001c9c   0x00001c9c   0x00000114   Code   RO         1215    i.vTaskPrioritySet  tasks_1.o
    0x00001db0   0x00001db0   0x00000094   Code   RO         1220    i.vTaskStartScheduler  tasks_1.o
    0x00001e44   0x00001e44   0x00000040   Code   RO         1221    i.vTaskStepTick     tasks_1.o
    0x00001e84   0x00001e84   0x00000010   Code   RO         1223    i.vTaskSuspendAll   tasks_1.o
    0x00001e94   0x00001e94   0x0000008c   Code   RO         1224    i.vTaskSwitchContext  tasks_1.o
    0x00001f20   0x00001f20   0x00000168   Code   RO          852    i.xPortStartScheduler  port.o
    0x00002088   0x00002088   0x0000005a   Code   RO          946    i.xQueueGenericCreate  queue.o
    0x000020e2   0x000020e2   0x00000002   PAD
    0x000020e4   0x000020e4   0x00000098   Code   RO          947    i.xQueueGenericReset  queue.o
    0x0000217c   0x0000217c   0x000001d8   Code   RO          948    i.xQueueGenericSend  queue.o
    0x00002354   0x00002354   0x00000108   Code   RO          949    i.xQueueGenericSendFromISR  queue.o
    0x0000245c   0x0000245c   0x00000168   Code   RO          958    i.xQueueReceive     queue.o
    0x000025c4   0x000025c4   0x000000a8   Code   RO         1226    i.xTaskCheckForTimeOut  tasks_1.o
    0x0000266c   0x0000266c   0x00000060   Code   RO         1227    i.xTaskCreate       tasks_1.o
    0x000026cc   0x000026cc   0x00000020   Code   RO         1233    i.xTaskGetSchedulerState  tasks_1.o
    0x000026ec   0x000026ec   0x0000000c   Code   RO         1234    i.xTaskGetTickCount  tasks_1.o
    0x000026f8   0x000026f8   0x0000012c   Code   RO         1236    i.xTaskIncrementTick  tasks_1.o
    0x00002824   0x00002824   0x000000c8   Code   RO         1239    i.xTaskPriorityDisinherit  tasks_1.o
    0x000028ec   0x000028ec   0x0000009c   Code   RO         1241    i.xTaskRemoveFromEventList  tasks_1.o
    0x00002988   0x00002988   0x00000104   Code   RO         1242    i.xTaskResumeAll    tasks_1.o
    0x00002a8c   0x00002a8c   0x00000054   Code   RO         1599    i.xTimerCreateTimerTask  timers.o
    0x00002ae0   0x00002ae0   0x00000084   Code   RO         1600    i.xTimerGenericCommand  timers.o
    0x00002b64   0x00002b64   0x0000000a   Code   RO         1901    x$fpl$fpinit        fz_wm.l(fpinit.o)
    0x00002b6e   0x00002b6e   0x00000002   PAD
    0x00002b70   0x00002b70   0x00000020   Data   RO         1934    Region$$Table       anon$$obj.o


    Execution Region ER_RW (Exec base: 0x20000000, Load base: 0x00002b90, Size: 0x00000098, Max: 0xffffffff, ABSOLUTE)

    Exec Addr    Load Addr    Size         Type   Attr      Idx    E Section Name        Object

    0x20000000   0x00002b90   0x00000024   Data   RW           15    .data               main.o
    0x20000024   0x00002bb4   0x00000004   Data   RW          677    .data               system_tm4c123.o
    0x20000028   0x00002bb8   0x00000008   Data   RW          802    .data               heap_1.o
    0x20000030   0x00002bc0   0x00000018   Data   RW          853    .data               port.o
    0x20000048   0x00002bd8   0x0000003c   Data   RW         1245    .data               tasks_1.o
    0x20000084   0x00002c14   0x00000014   Data   RW         1608    .data               timers.o


    Execution Region ER_ZI (Exec base: 0x20000098, Load base: 0x00002c28, Size: 0x00001350, Max: 0xffffffff, ABSOLUTE)

    Exec Addr    Load Addr    Size         Type   Attr      Idx    E Section Name        Object

    0x20000098        -       0x00001000   Zero   RW          801    .bss                heap_1.o
    0x20001098        -       0x000000c8   Zero   RW         1244    .bss                tasks_1.o
    0x20001160        -       0x00000028   Zero   RW         1607    .bss                timers.o
    0x20001188        -       0x00000060   Zero   RW         1825    .bss                c_w.l(libspace.o)
    0x200011e8        -       0x00000000   Zero   RW          664    HEAP                startup_tm4c123.o
    0x200011e8        -       0x00000200   Zero   RW          663    STACK               startup_tm4c123.o


==============================================================================

Image component sizes


      Code (inc. data)   RO Data    RW Data    ZI Data      Debug   Object Name

       146         14          0          8       4096      11007   heap_1.o
       148          0          0          0          0       5278   list.o
      1080        208          0         36          0      21311   main.o
      1406        118          0         24          0      13834   port.o
      1972         14          0          0          0      25915   queue.o
       276         24        620          0        512       5468   startup_tm4c123.o
       152         40          0          4          0        815   system_tm4c123.o
      3376        434          0         60        200      31789   tasks_1.o
      1242        106          0         20         40      13679   timers.o

    ----------------------------------------------------------------------
      9808        958        652        152       4848     129096   Object Totals
         0          0         32          0          0          0   (incl. Generated)
        10          0          0          0          0          0   (incl. Padding)

    ----------------------------------------------------------------------

      Code (inc. data)   RO Data    RW Data    ZI Data      Debug   Library Member Name

         8          0          0          0          0         68   __main.o
         0          0          0          0          0          0   __rtentry.o
        12          0          0          0          0          0   __rtentry2.o
         6          0          0          0          0          0   __rtentry4.o
        52          8          0          0          0          0   __scatter.o
        26          0          0          0          0          0   __scatter_copy.o
        28          0          0          0          0          0   __scatter_zi.o
        16          0          0          0          0         68   aeabi_memset.o
        18          0          0          0          0         80   exit.o
         6          0          0          0          0        152   heapauxi.o
         0          0          0          0          0          0   indicate_semi.o
         2          0          0          0          0          0   libinit.o
         6          0          0          0          0          0   libinit2.o
         2          0          0          0          0          0   libshutdown.o
         2          0          0          0          0          0   libshutdown2.o
         8          4          0          0         96         68   libspace.o
        68          0          0          0          0         68   rt_memclr.o
        78          0          0          0          0         80   rt_memclr_w.o
       138          0          0          0          0         68   rt_memcpy_v6.o
       100          0          0          0          0         80   rt_memcpy_w.o
         2          0          0          0          0          0   rtexit.o
        10          0          0          0          0          0   rtexit2.o
        12          4          0          0          0         68   sys_exit.o
        74          0          0          0          0         80   sys_stackheap_outer.o
         2          0          0          0          0         68   use_no_semi.o
        10          0          0          0          0        116   fpinit.o

    ----------------------------------------------------------------------
       692         16          0          0         96       1064   Library Totals
         6          0          0          0          0          0   (incl. Padding)

    ----------------------------------------------------------------------

      Code (inc. data)   RO Data    RW Data    ZI Data      Debug   Library Name

       676         16          0          0         96        948   c_w.l
        10          0          0          0          0        116   fz_wm.l

    ----------------------------------------------------------------------
       692         16          0          0         96       1064   Library Totals

    ----------------------------------------------------------------------

==============================================================================


      Code (inc. data)   RO Data    RW Data    ZI Data      Debug   

     10500        974        652        152       4944     122344   Grand Totals
     10500        974        652        152       4944     122344   ELF Image Totals
     10500        974        652        152          0          0   ROM Totals

==============================================================================

    Total RO  Size (Code + RO Data)                11152 (  10.89kB)
    Total RW  Size (RW Data + ZI Data)              5096 (   4.98kB)
    Total ROM Size (Code + RO Data + RW Data)      11304 (  11.04kB)

==============================================================================

